2026-04-26 16:54:13,063 - MedKG-RAG - INFO - Reading data\knowledge_graph\kg.csv in chunks of 100,000 rows...
2026-04-26 16:54:35,170 - MedKG-RAG - INFO - Merging and deduplicating...
2026-04-26 16:54:37,318 - MedKG-RAG - INFO - Nodes: 37,345 nodes
2026-04-26 16:54:37,318 - MedKG-RAG - INFO - Edges: 838,450 edges
2026-04-26 16:54:37,318 - MedKG-RAG - INFO - 
        Retention: 838,498/8,100,498 rows ~ 10.35%
        
2026-04-26 16:56:48,040 - MedKG-RAG - INFO - Pipeline building Neo4j KG started
2026-04-26 16:56:48,041 - MedKG-RAG - INFO - Loading filtered CSV data into memory...
2026-04-26 16:56:49,290 - MedKG-RAG - INFO - Loaded 37,345 nodes and 838,450 edges
2026-04-26 16:56:49,309 - MedKG-RAG - INFO - ---Step 1: Enforcing constraints---
2026-04-26 16:56:50,970 - MedKG-RAG - INFO - Constraint ensured: Disease.node_id IS UNIQUE
2026-04-26 16:56:51,017 - MedKG-RAG - INFO - Constraint ensured: Drug.node_id IS UNIQUE
2026-04-26 16:56:51,041 - MedKG-RAG - INFO - Constraint ensured: GeneProtein.node_id IS UNIQUE
2026-04-26 16:56:51,062 - MedKG-RAG - INFO - Constraint ensured: EffectPhenotype.node_id IS UNIQUE
2026-04-26 16:56:51,064 - MedKG-RAG - INFO - ---Step 2: Importing nodes---
2026-04-26 16:56:51,149 - MedKG-RAG - INFO - Importing 10,399 nodes for Disease...
2026-04-26 16:56:52,822 - MedKG-RAG - INFO -  Progress: 2/21 batches processed (Disease nodes)
2026-04-26 16:56:52,981 - MedKG-RAG - INFO -  Progress: 4/21 batches processed (Disease nodes)
2026-04-26 16:56:53,150 - MedKG-RAG - INFO -  Progress: 6/21 batches processed (Disease nodes)
2026-04-26 16:56:53,255 - MedKG-RAG - INFO -  Progress: 8/21 batches processed (Disease nodes)
2026-04-26 16:56:53,344 - MedKG-RAG - INFO -  Progress: 10/21 batches processed (Disease nodes)
2026-04-26 16:56:53,460 - MedKG-RAG - INFO -  Progress: 12/21 batches processed (Disease nodes)
2026-04-26 16:56:53,595 - MedKG-RAG - INFO -  Progress: 14/21 batches processed (Disease nodes)
2026-04-26 16:56:53,692 - MedKG-RAG - INFO -  Progress: 16/21 batches processed (Disease nodes)
2026-04-26 16:56:53,784 - MedKG-RAG - INFO -  Progress: 18/21 batches processed (Disease nodes)
2026-04-26 16:56:53,872 - MedKG-RAG - INFO -  Progress: 20/21 batches processed (Disease nodes)
2026-04-26 16:56:53,901 - MedKG-RAG - INFO -  Progress: 21/21 batches processed (Disease nodes)
2026-04-26 16:56:53,991 - MedKG-RAG - INFO - Importing 6,681 nodes for Drug...
2026-04-26 16:56:54,200 - MedKG-RAG - INFO -  Progress: 1/14 batches processed (Drug nodes)
2026-04-26 16:56:54,235 - MedKG-RAG - INFO -  Progress: 2/14 batches processed (Drug nodes)
2026-04-26 16:56:54,268 - MedKG-RAG - INFO -  Progress: 3/14 batches processed (Drug nodes)
2026-04-26 16:56:54,300 - MedKG-RAG - INFO -  Progress: 4/14 batches processed (Drug nodes)
2026-04-26 16:56:54,335 - MedKG-RAG - INFO -  Progress: 5/14 batches processed (Drug nodes)
2026-04-26 16:56:54,373 - MedKG-RAG - INFO -  Progress: 6/14 batches processed (Drug nodes)
2026-04-26 16:56:54,423 - MedKG-RAG - INFO -  Progress: 7/14 batches processed (Drug nodes)
2026-04-26 16:56:54,478 - MedKG-RAG - INFO -  Progress: 8/14 batches processed (Drug nodes)
2026-04-26 16:56:54,561 - MedKG-RAG - INFO -  Progress: 9/14 batches processed (Drug nodes)
2026-04-26 16:56:54,617 - MedKG-RAG - INFO -  Progress: 10/14 batches processed (Drug nodes)
2026-04-26 16:56:54,667 - MedKG-RAG - INFO -  Progress: 11/14 batches processed (Drug nodes)
2026-04-26 16:56:54,711 - MedKG-RAG - INFO -  Progress: 12/14 batches processed (Drug nodes)
2026-04-26 16:56:54,744 - MedKG-RAG - INFO -  Progress: 13/14 batches processed (Drug nodes)
2026-04-26 16:56:54,762 - MedKG-RAG - INFO -  Progress: 14/14 batches processed (Drug nodes)
2026-04-26 16:56:54,817 - MedKG-RAG - INFO - Importing 7,791 nodes for GeneProtein...
2026-04-26 16:56:54,969 - MedKG-RAG - INFO -  Progress: 1/16 batches processed (GeneProtein nodes)
2026-04-26 16:56:54,995 - MedKG-RAG - INFO -  Progress: 2/16 batches processed (GeneProtein nodes)
2026-04-26 16:56:55,028 - MedKG-RAG - INFO -  Progress: 3/16 batches processed (GeneProtein nodes)
2026-04-26 16:56:55,055 - MedKG-RAG - INFO -  Progress: 4/16 batches processed (GeneProtein nodes)
2026-04-26 16:56:55,081 - MedKG-RAG - INFO -  Progress: 5/16 batches processed (GeneProtein nodes)
2026-04-26 16:56:55,108 - MedKG-RAG - INFO -  Progress: 6/16 batches processed (GeneProtein nodes)
2026-04-26 16:56:55,137 - MedKG-RAG - INFO -  Progress: 7/16 batches processed (GeneProtein nodes)
2026-04-26 16:56:55,165 - MedKG-RAG - INFO -  Progress: 8/16 batches processed (GeneProtein nodes)
2026-04-26 16:56:55,196 - MedKG-RAG - INFO -  Progress: 9/16 batches processed (GeneProtein nodes)
2026-04-26 16:56:55,222 - MedKG-RAG - INFO -  Progress: 10/16 batches processed (GeneProtein nodes)
2026-04-26 16:56:55,259 - MedKG-RAG - INFO -  Progress: 11/16 batches processed (GeneProtein nodes)
2026-04-26 16:56:55,290 - MedKG-RAG - INFO -  Progress: 12/16 batches processed (GeneProtein nodes)
2026-04-26 16:56:55,322 - MedKG-RAG - INFO -  Progress: 13/16 batches processed (GeneProtein nodes)
2026-04-26 16:56:55,347 - MedKG-RAG - INFO -  Progress: 14/16 batches processed (GeneProtein nodes)
2026-04-26 16:56:55,371 - MedKG-RAG - INFO -  Progress: 15/16 batches processed (GeneProtein nodes)
2026-04-26 16:56:55,391 - MedKG-RAG - INFO -  Progress: 16/16 batches processed (GeneProtein nodes)
2026-04-26 16:56:55,647 - MedKG-RAG - INFO - Importing 12,474 nodes for EffectPhenotype...
2026-04-26 16:56:55,823 - MedKG-RAG - INFO -  Progress: 2/25 batches processed (EffectPhenotype nodes)
2026-04-26 16:56:55,882 - MedKG-RAG - INFO -  Progress: 4/25 batches processed (EffectPhenotype nodes)
2026-04-26 16:56:55,944 - MedKG-RAG - INFO -  Progress: 6/25 batches processed (EffectPhenotype nodes)
2026-04-26 16:56:56,014 - MedKG-RAG - INFO -  Progress: 8/25 batches processed (EffectPhenotype nodes)
2026-04-26 16:56:56,083 - MedKG-RAG - INFO -  Progress: 10/25 batches processed (EffectPhenotype nodes)
2026-04-26 16:56:56,157 - MedKG-RAG - INFO -  Progress: 12/25 batches processed (EffectPhenotype nodes)
2026-04-26 16:56:56,235 - MedKG-RAG - INFO -  Progress: 14/25 batches processed (EffectPhenotype nodes)
2026-04-26 16:56:56,314 - MedKG-RAG - INFO -  Progress: 16/25 batches processed (EffectPhenotype nodes)
2026-04-26 16:56:56,388 - MedKG-RAG - INFO -  Progress: 18/25 batches processed (EffectPhenotype nodes)
2026-04-26 16:56:56,453 - MedKG-RAG - INFO -  Progress: 20/25 batches processed (EffectPhenotype nodes)
2026-04-26 16:56:56,527 - MedKG-RAG - INFO -  Progress: 22/25 batches processed (EffectPhenotype nodes)
2026-04-26 16:56:56,601 - MedKG-RAG - INFO -  Progress: 24/25 batches processed (EffectPhenotype nodes)
2026-04-26 16:56:56,636 - MedKG-RAG - INFO -  Progress: 25/25 batches processed (EffectPhenotype nodes)
2026-04-26 16:56:56,638 - MedKG-RAG - INFO - ---Step 3: Importing relationships---
2026-04-26 16:56:57,274 - MedKG-RAG - INFO - Importing 80,402 'ASSOCIATED_WITH' edges (Disease)->(GeneProtein)...
2026-04-26 16:56:59,035 - MedKG-RAG - INFO -  Progress: 8/81 batches processed (ASSOCIATED_WITH edges)
2026-04-26 16:56:59,332 - MedKG-RAG - INFO -  Progress: 16/81 batches processed (ASSOCIATED_WITH edges)
2026-04-26 16:56:59,608 - MedKG-RAG - INFO -  Progress: 24/81 batches processed (ASSOCIATED_WITH edges)
2026-04-26 16:56:59,983 - MedKG-RAG - INFO -  Progress: 32/81 batches processed (ASSOCIATED_WITH edges)
2026-04-26 16:57:00,454 - MedKG-RAG - INFO -  Progress: 40/81 batches processed (ASSOCIATED_WITH edges)
2026-04-26 16:57:01,269 - MedKG-RAG - INFO -  Progress: 48/81 batches processed (ASSOCIATED_WITH edges)
2026-04-26 16:57:01,669 - MedKG-RAG - INFO -  Progress: 56/81 batches processed (ASSOCIATED_WITH edges)
2026-04-26 16:57:02,152 - MedKG-RAG - INFO -  Progress: 64/81 batches processed (ASSOCIATED_WITH edges)
2026-04-26 16:57:02,684 - MedKG-RAG - INFO -  Progress: 72/81 batches processed (ASSOCIATED_WITH edges)
2026-04-26 16:57:03,227 - MedKG-RAG - INFO -  Progress: 80/81 batches processed (ASSOCIATED_WITH edges)
2026-04-26 16:57:03,247 - MedKG-RAG - INFO -  Progress: 81/81 batches processed (ASSOCIATED_WITH edges)
2026-04-26 16:57:03,274 - MedKG-RAG - INFO - Importing 3,330 'ASSOCIATED_WITH' edges (EffectPhenotype)->(GeneProtein)...
2026-04-26 16:57:03,506 - MedKG-RAG - INFO -  Progress: 1/4 batches processed (ASSOCIATED_WITH edges)
2026-04-26 16:57:03,595 - MedKG-RAG - INFO -  Progress: 2/4 batches processed (ASSOCIATED_WITH edges)
2026-04-26 16:57:03,728 - MedKG-RAG - INFO -  Progress: 3/4 batches processed (ASSOCIATED_WITH edges)
2026-04-26 16:57:03,822 - MedKG-RAG - INFO -  Progress: 4/4 batches processed (ASSOCIATED_WITH edges)
2026-04-26 16:57:04,232 - MedKG-RAG - INFO - Importing 80,411 'ASSOCIATED_WITH' edges (GeneProtein)->(Disease)...
2026-04-26 16:57:04,673 - MedKG-RAG - INFO -  Progress: 8/81 batches processed (ASSOCIATED_WITH edges)
2026-04-26 16:57:04,942 - MedKG-RAG - INFO -  Progress: 16/81 batches processed (ASSOCIATED_WITH edges)
2026-04-26 16:57:05,231 - MedKG-RAG - INFO -  Progress: 24/81 batches processed (ASSOCIATED_WITH edges)
2026-04-26 16:57:05,539 - MedKG-RAG - INFO -  Progress: 32/81 batches processed (ASSOCIATED_WITH edges)
2026-04-26 16:57:05,901 - MedKG-RAG - INFO -  Progress: 40/81 batches processed (ASSOCIATED_WITH edges)
2026-04-26 16:57:06,182 - MedKG-RAG - INFO -  Progress: 48/81 batches processed (ASSOCIATED_WITH edges)
2026-04-26 16:57:06,439 - MedKG-RAG - INFO -  Progress: 56/81 batches processed (ASSOCIATED_WITH edges)
2026-04-26 16:57:06,757 - MedKG-RAG - INFO -  Progress: 64/81 batches processed (ASSOCIATED_WITH edges)
2026-04-26 16:57:07,044 - MedKG-RAG - INFO -  Progress: 72/81 batches processed (ASSOCIATED_WITH edges)
2026-04-26 16:57:07,326 - MedKG-RAG - INFO -  Progress: 80/81 batches processed (ASSOCIATED_WITH edges)
2026-04-26 16:57:07,343 - MedKG-RAG - INFO -  Progress: 81/81 batches processed (ASSOCIATED_WITH edges)
2026-04-26 16:57:07,369 - MedKG-RAG - INFO - Importing 3,330 'ASSOCIATED_WITH' edges (GeneProtein)->(EffectPhenotype)...
2026-04-26 16:57:07,539 - MedKG-RAG - INFO -  Progress: 1/4 batches processed (ASSOCIATED_WITH edges)
2026-04-26 16:57:07,592 - MedKG-RAG - INFO -  Progress: 2/4 batches processed (ASSOCIATED_WITH edges)
2026-04-26 16:57:07,649 - MedKG-RAG - INFO -  Progress: 3/4 batches processed (ASSOCIATED_WITH edges)
2026-04-26 16:57:07,724 - MedKG-RAG - INFO -  Progress: 4/4 batches processed (ASSOCIATED_WITH edges)
2026-04-26 16:57:07,738 - MedKG-RAG - INFO - Importing 864 'CARRIED_BY' edges (Drug)->(GeneProtein)...
2026-04-26 16:57:08,034 - MedKG-RAG - INFO -  Progress: 1/1 batches processed (CARRIED_BY edges)
2026-04-26 16:57:08,041 - MedKG-RAG - INFO - Importing 864 'CARRIED_BY' edges (GeneProtein)->(Drug)...
2026-04-26 16:57:08,200 - MedKG-RAG - INFO -  Progress: 1/1 batches processed (CARRIED_BY edges)
2026-04-26 16:57:08,336 - MedKG-RAG - INFO - Importing 30,675 'CONTRAINDICATES' edges (Disease)->(Drug)...
2026-04-26 16:57:08,681 - MedKG-RAG - INFO -  Progress: 3/31 batches processed (CONTRAINDICATES edges)
2026-04-26 16:57:08,837 - MedKG-RAG - INFO -  Progress: 6/31 batches processed (CONTRAINDICATES edges)
2026-04-26 16:57:08,972 - MedKG-RAG - INFO -  Progress: 9/31 batches processed (CONTRAINDICATES edges)
2026-04-26 16:57:09,107 - MedKG-RAG - INFO -  Progress: 12/31 batches processed (CONTRAINDICATES edges)
2026-04-26 16:57:09,205 - MedKG-RAG - INFO -  Progress: 15/31 batches processed (CONTRAINDICATES edges)
2026-04-26 16:57:09,311 - MedKG-RAG - INFO -  Progress: 18/31 batches processed (CONTRAINDICATES edges)
2026-04-26 16:57:09,420 - MedKG-RAG - INFO -  Progress: 21/31 batches processed (CONTRAINDICATES edges)
2026-04-26 16:57:09,530 - MedKG-RAG - INFO -  Progress: 24/31 batches processed (CONTRAINDICATES edges)
2026-04-26 16:57:09,645 - MedKG-RAG - INFO -  Progress: 27/31 batches processed (CONTRAINDICATES edges)
2026-04-26 16:57:09,745 - MedKG-RAG - INFO -  Progress: 30/31 batches processed (CONTRAINDICATES edges)
2026-04-26 16:57:09,774 - MedKG-RAG - INFO -  Progress: 31/31 batches processed (CONTRAINDICATES edges)
2026-04-26 16:57:09,941 - MedKG-RAG - INFO - Importing 30,675 'CONTRAINDICATES' edges (Drug)->(Disease)...
2026-04-26 16:57:10,154 - MedKG-RAG - INFO -  Progress: 3/31 batches processed (CONTRAINDICATES edges)
2026-04-26 16:57:10,278 - MedKG-RAG - INFO -  Progress: 6/31 batches processed (CONTRAINDICATES edges)
2026-04-26 16:57:10,388 - MedKG-RAG - INFO -  Progress: 9/31 batches processed (CONTRAINDICATES edges)
2026-04-26 16:57:10,494 - MedKG-RAG - INFO -  Progress: 12/31 batches processed (CONTRAINDICATES edges)
2026-04-26 16:57:10,603 - MedKG-RAG - INFO -  Progress: 15/31 batches processed (CONTRAINDICATES edges)
2026-04-26 16:57:10,700 - MedKG-RAG - INFO -  Progress: 18/31 batches processed (CONTRAINDICATES edges)
2026-04-26 16:57:10,810 - MedKG-RAG - INFO -  Progress: 21/31 batches processed (CONTRAINDICATES edges)
2026-04-26 16:57:10,927 - MedKG-RAG - INFO -  Progress: 24/31 batches processed (CONTRAINDICATES edges)
2026-04-26 16:57:11,036 - MedKG-RAG - INFO -  Progress: 27/31 batches processed (CONTRAINDICATES edges)
2026-04-26 16:57:11,146 - MedKG-RAG - INFO -  Progress: 30/31 batches processed (CONTRAINDICATES edges)
2026-04-26 16:57:11,173 - MedKG-RAG - INFO -  Progress: 31/31 batches processed (CONTRAINDICATES edges)
2026-04-26 16:57:11,460 - MedKG-RAG - INFO - Importing 64,784 'HAS_SIDE_EFFECT' edges (Drug)->(EffectPhenotype)...
2026-04-26 16:57:11,927 - MedKG-RAG - INFO -  Progress: 6/65 batches processed (HAS_SIDE_EFFECT edges)
2026-04-26 16:57:12,163 - MedKG-RAG - INFO -  Progress: 12/65 batches processed (HAS_SIDE_EFFECT edges)
2026-04-26 16:57:12,391 - MedKG-RAG - INFO -  Progress: 18/65 batches processed (HAS_SIDE_EFFECT edges)
2026-04-26 16:57:12,623 - MedKG-RAG - INFO -  Progress: 24/65 batches processed (HAS_SIDE_EFFECT edges)
2026-04-26 16:57:12,837 - MedKG-RAG - INFO -  Progress: 30/65 batches processed (HAS_SIDE_EFFECT edges)
2026-04-26 16:57:13,051 - MedKG-RAG - INFO -  Progress: 36/65 batches processed (HAS_SIDE_EFFECT edges)
2026-04-26 16:57:13,300 - MedKG-RAG - INFO -  Progress: 42/65 batches processed (HAS_SIDE_EFFECT edges)
2026-04-26 16:57:13,539 - MedKG-RAG - INFO -  Progress: 48/65 batches processed (HAS_SIDE_EFFECT edges)
2026-04-26 16:57:13,788 - MedKG-RAG - INFO -  Progress: 54/65 batches processed (HAS_SIDE_EFFECT edges)
2026-04-26 16:57:14,050 - MedKG-RAG - INFO -  Progress: 60/65 batches processed (HAS_SIDE_EFFECT edges)
2026-04-26 16:57:14,210 - MedKG-RAG - INFO -  Progress: 65/65 batches processed (HAS_SIDE_EFFECT edges)
2026-04-26 16:57:14,529 - MedKG-RAG - INFO - Importing 64,784 'HAS_SIDE_EFFECT' edges (EffectPhenotype)->(Drug)...
2026-04-26 16:57:14,824 - MedKG-RAG - INFO -  Progress: 6/65 batches processed (HAS_SIDE_EFFECT edges)
2026-04-26 16:57:15,038 - MedKG-RAG - INFO -  Progress: 12/65 batches processed (HAS_SIDE_EFFECT edges)
2026-04-26 16:57:15,268 - MedKG-RAG - INFO -  Progress: 18/65 batches processed (HAS_SIDE_EFFECT edges)
2026-04-26 16:57:15,461 - MedKG-RAG - INFO -  Progress: 24/65 batches processed (HAS_SIDE_EFFECT edges)
2026-04-26 16:57:15,652 - MedKG-RAG - INFO -  Progress: 30/65 batches processed (HAS_SIDE_EFFECT edges)
2026-04-26 16:57:15,862 - MedKG-RAG - INFO -  Progress: 36/65 batches processed (HAS_SIDE_EFFECT edges)
2026-04-26 16:57:16,085 - MedKG-RAG - INFO -  Progress: 42/65 batches processed (HAS_SIDE_EFFECT edges)
2026-04-26 16:57:16,339 - MedKG-RAG - INFO -  Progress: 48/65 batches processed (HAS_SIDE_EFFECT edges)
2026-04-26 16:57:16,524 - MedKG-RAG - INFO -  Progress: 54/65 batches processed (HAS_SIDE_EFFECT edges)
2026-04-26 16:57:16,762 - MedKG-RAG - INFO -  Progress: 60/65 batches processed (HAS_SIDE_EFFECT edges)
2026-04-26 16:57:16,919 - MedKG-RAG - INFO -  Progress: 65/65 batches processed (HAS_SIDE_EFFECT edges)
2026-04-26 16:57:16,951 - MedKG-RAG - INFO - Importing 5,317 'METABOLIZED_BY' edges (Drug)->(GeneProtein)...
2026-04-26 16:57:17,086 - MedKG-RAG - INFO -  Progress: 1/6 batches processed (METABOLIZED_BY edges)
2026-04-26 16:57:17,126 - MedKG-RAG - INFO -  Progress: 2/6 batches processed (METABOLIZED_BY edges)
2026-04-26 16:57:17,161 - MedKG-RAG - INFO -  Progress: 3/6 batches processed (METABOLIZED_BY edges)
2026-04-26 16:57:17,199 - MedKG-RAG - INFO -  Progress: 4/6 batches processed (METABOLIZED_BY edges)
2026-04-26 16:57:17,235 - MedKG-RAG - INFO -  Progress: 5/6 batches processed (METABOLIZED_BY edges)
2026-04-26 16:57:17,252 - MedKG-RAG - INFO -  Progress: 6/6 batches processed (METABOLIZED_BY edges)
2026-04-26 16:57:17,282 - MedKG-RAG - INFO - Importing 5,317 'METABOLIZED_BY' edges (GeneProtein)->(Drug)...
2026-04-26 16:57:17,424 - MedKG-RAG - INFO -  Progress: 1/6 batches processed (METABOLIZED_BY edges)
2026-04-26 16:57:17,455 - MedKG-RAG - INFO -  Progress: 2/6 batches processed (METABOLIZED_BY edges)
2026-04-26 16:57:17,489 - MedKG-RAG - INFO -  Progress: 3/6 batches processed (METABOLIZED_BY edges)
2026-04-26 16:57:17,521 - MedKG-RAG - INFO -  Progress: 4/6 batches processed (METABOLIZED_BY edges)
2026-04-26 16:57:17,562 - MedKG-RAG - INFO -  Progress: 5/6 batches processed (METABOLIZED_BY edges)
2026-04-26 16:57:17,580 - MedKG-RAG - INFO -  Progress: 6/6 batches processed (METABOLIZED_BY edges)
2026-04-26 16:57:17,596 - MedKG-RAG - INFO - Importing 2,568 'OFF_LABEL_USE' edges (Disease)->(Drug)...
2026-04-26 16:57:17,717 - MedKG-RAG - INFO -  Progress: 1/3 batches processed (OFF_LABEL_USE edges)
2026-04-26 16:57:17,748 - MedKG-RAG - INFO -  Progress: 2/3 batches processed (OFF_LABEL_USE edges)
2026-04-26 16:57:17,768 - MedKG-RAG - INFO -  Progress: 3/3 batches processed (OFF_LABEL_USE edges)
2026-04-26 16:57:17,783 - MedKG-RAG - INFO - Importing 2,568 'OFF_LABEL_USE' edges (Drug)->(Disease)...
2026-04-26 16:57:17,898 - MedKG-RAG - INFO -  Progress: 1/3 batches processed (OFF_LABEL_USE edges)
2026-04-26 16:57:17,937 - MedKG-RAG - INFO -  Progress: 2/3 batches processed (OFF_LABEL_USE edges)
2026-04-26 16:57:17,963 - MedKG-RAG - INFO -  Progress: 3/3 batches processed (OFF_LABEL_USE edges)
2026-04-26 16:57:17,973 - MedKG-RAG - INFO - Importing 1,193 'PHENOTYPE_ABSENT' edges (Disease)->(EffectPhenotype)...
2026-04-26 16:57:18,099 - MedKG-RAG - INFO -  Progress: 1/2 batches processed (PHENOTYPE_ABSENT edges)
2026-04-26 16:57:18,110 - MedKG-RAG - INFO -  Progress: 2/2 batches processed (PHENOTYPE_ABSENT edges)
2026-04-26 16:57:18,118 - MedKG-RAG - INFO - Importing 1,193 'PHENOTYPE_ABSENT' edges (EffectPhenotype)->(Disease)...
2026-04-26 16:57:18,228 - MedKG-RAG - INFO -  Progress: 1/2 batches processed (PHENOTYPE_ABSENT edges)
2026-04-26 16:57:18,241 - MedKG-RAG - INFO -  Progress: 2/2 batches processed (PHENOTYPE_ABSENT edges)
2026-04-26 16:57:18,951 - MedKG-RAG - INFO - Importing 150,317 'PRESENTS' edges (Disease)->(EffectPhenotype)...
2026-04-26 16:57:19,557 - MedKG-RAG - INFO -  Progress: 15/151 batches processed (PRESENTS edges)
2026-04-26 16:57:20,026 - MedKG-RAG - INFO -  Progress: 30/151 batches processed (PRESENTS edges)
2026-04-26 16:57:20,554 - MedKG-RAG - INFO -  Progress: 45/151 batches processed (PRESENTS edges)
2026-04-26 16:57:21,152 - MedKG-RAG - INFO -  Progress: 60/151 batches processed (PRESENTS edges)
2026-04-26 16:57:21,618 - MedKG-RAG - INFO -  Progress: 75/151 batches processed (PRESENTS edges)
2026-04-26 16:57:22,107 - MedKG-RAG - INFO -  Progress: 90/151 batches processed (PRESENTS edges)
2026-04-26 16:57:22,583 - MedKG-RAG - INFO -  Progress: 105/151 batches processed (PRESENTS edges)
2026-04-26 16:57:23,050 - MedKG-RAG - INFO -  Progress: 120/151 batches processed (PRESENTS edges)
2026-04-26 16:57:23,513 - MedKG-RAG - INFO -  Progress: 135/151 batches processed (PRESENTS edges)
2026-04-26 16:57:24,015 - MedKG-RAG - INFO -  Progress: 150/151 batches processed (PRESENTS edges)
2026-04-26 16:57:24,035 - MedKG-RAG - INFO -  Progress: 151/151 batches processed (PRESENTS edges)
2026-04-26 16:57:24,811 - MedKG-RAG - INFO - Importing 150,312 'PRESENTS' edges (EffectPhenotype)->(Disease)...
2026-04-26 16:57:25,396 - MedKG-RAG - INFO -  Progress: 15/151 batches processed (PRESENTS edges)
2026-04-26 16:57:25,888 - MedKG-RAG - INFO -  Progress: 30/151 batches processed (PRESENTS edges)
2026-04-26 16:57:26,347 - MedKG-RAG - INFO -  Progress: 45/151 batches processed (PRESENTS edges)
2026-04-26 16:57:26,812 - MedKG-RAG - INFO -  Progress: 60/151 batches processed (PRESENTS edges)
2026-04-26 16:57:27,251 - MedKG-RAG - INFO -  Progress: 75/151 batches processed (PRESENTS edges)
2026-04-26 16:57:27,705 - MedKG-RAG - INFO -  Progress: 90/151 batches processed (PRESENTS edges)
2026-04-26 16:57:28,157 - MedKG-RAG - INFO -  Progress: 105/151 batches processed (PRESENTS edges)
2026-04-26 16:57:28,594 - MedKG-RAG - INFO -  Progress: 120/151 batches processed (PRESENTS edges)
2026-04-26 16:57:29,058 - MedKG-RAG - INFO -  Progress: 135/151 batches processed (PRESENTS edges)
2026-04-26 16:57:29,500 - MedKG-RAG - INFO -  Progress: 150/151 batches processed (PRESENTS edges)
2026-04-26 16:57:29,531 - MedKG-RAG - INFO -  Progress: 151/151 batches processed (PRESENTS edges)
2026-04-26 16:57:29,859 - MedKG-RAG - INFO - Importing 64,361 'SUBTYPE_OF' edges (Disease)->(Disease)...
2026-04-26 16:57:30,099 - MedKG-RAG - INFO -  Progress: 6/65 batches processed (SUBTYPE_OF edges)
2026-04-26 16:57:30,295 - MedKG-RAG - INFO -  Progress: 12/65 batches processed (SUBTYPE_OF edges)
2026-04-26 16:57:30,478 - MedKG-RAG - INFO -  Progress: 18/65 batches processed (SUBTYPE_OF edges)
2026-04-26 16:57:30,675 - MedKG-RAG - INFO -  Progress: 24/65 batches processed (SUBTYPE_OF edges)
2026-04-26 16:57:30,862 - MedKG-RAG - INFO -  Progress: 30/65 batches processed (SUBTYPE_OF edges)
2026-04-26 16:57:31,038 - MedKG-RAG - INFO -  Progress: 36/65 batches processed (SUBTYPE_OF edges)
2026-04-26 16:57:31,230 - MedKG-RAG - INFO -  Progress: 42/65 batches processed (SUBTYPE_OF edges)
2026-04-26 16:57:31,414 - MedKG-RAG - INFO -  Progress: 48/65 batches processed (SUBTYPE_OF edges)
2026-04-26 16:57:31,612 - MedKG-RAG - INFO -  Progress: 54/65 batches processed (SUBTYPE_OF edges)
2026-04-26 16:57:31,832 - MedKG-RAG - INFO -  Progress: 60/65 batches processed (SUBTYPE_OF edges)
2026-04-26 16:57:31,987 - MedKG-RAG - INFO -  Progress: 65/65 batches processed (SUBTYPE_OF edges)
2026-04-26 16:57:32,157 - MedKG-RAG - INFO - Importing 37,465 'SUBTYPE_OF' edges (EffectPhenotype)->(EffectPhenotype)...
2026-04-26 16:57:32,327 - MedKG-RAG - INFO -  Progress: 3/38 batches processed (SUBTYPE_OF edges)
2026-04-26 16:57:32,467 - MedKG-RAG - INFO -  Progress: 6/38 batches processed (SUBTYPE_OF edges)
2026-04-26 16:57:32,554 - MedKG-RAG - INFO -  Progress: 9/38 batches processed (SUBTYPE_OF edges)
2026-04-26 16:57:32,659 - MedKG-RAG - INFO -  Progress: 12/38 batches processed (SUBTYPE_OF edges)
2026-04-26 16:57:32,766 - MedKG-RAG - INFO -  Progress: 15/38 batches processed (SUBTYPE_OF edges)
2026-04-26 16:57:32,870 - MedKG-RAG - INFO -  Progress: 18/38 batches processed (SUBTYPE_OF edges)
2026-04-26 16:57:32,949 - MedKG-RAG - INFO -  Progress: 21/38 batches processed (SUBTYPE_OF edges)
2026-04-26 16:57:33,017 - MedKG-RAG - INFO -  Progress: 24/38 batches processed (SUBTYPE_OF edges)
2026-04-26 16:57:33,087 - MedKG-RAG - INFO -  Progress: 27/38 batches processed (SUBTYPE_OF edges)
2026-04-26 16:57:33,159 - MedKG-RAG - INFO -  Progress: 30/38 batches processed (SUBTYPE_OF edges)
2026-04-26 16:57:33,234 - MedKG-RAG - INFO -  Progress: 33/38 batches processed (SUBTYPE_OF edges)
2026-04-26 16:57:33,309 - MedKG-RAG - INFO -  Progress: 36/38 batches processed (SUBTYPE_OF edges)
2026-04-26 16:57:33,348 - MedKG-RAG - INFO -  Progress: 38/38 batches processed (SUBTYPE_OF edges)
2026-04-26 16:57:33,429 - MedKG-RAG - INFO - Importing 16,380 'TARGETS' edges (Drug)->(GeneProtein)...
2026-04-26 16:57:33,513 - MedKG-RAG - INFO -  Progress: 1/17 batches processed (TARGETS edges)
2026-04-26 16:57:33,542 - MedKG-RAG - INFO -  Progress: 2/17 batches processed (TARGETS edges)
2026-04-26 16:57:33,571 - MedKG-RAG - INFO -  Progress: 3/17 batches processed (TARGETS edges)
2026-04-26 16:57:33,597 - MedKG-RAG - INFO -  Progress: 4/17 batches processed (TARGETS edges)
2026-04-26 16:57:33,625 - MedKG-RAG - INFO -  Progress: 5/17 batches processed (TARGETS edges)
2026-04-26 16:57:33,654 - MedKG-RAG - INFO -  Progress: 6/17 batches processed (TARGETS edges)
2026-04-26 16:57:33,680 - MedKG-RAG - INFO -  Progress: 7/17 batches processed (TARGETS edges)
2026-04-26 16:57:33,706 - MedKG-RAG - INFO -  Progress: 8/17 batches processed (TARGETS edges)
2026-04-26 16:57:33,735 - MedKG-RAG - INFO -  Progress: 9/17 batches processed (TARGETS edges)
2026-04-26 16:57:33,762 - MedKG-RAG - INFO -  Progress: 10/17 batches processed (TARGETS edges)
2026-04-26 16:57:33,795 - MedKG-RAG - INFO -  Progress: 11/17 batches processed (TARGETS edges)
2026-04-26 16:57:33,822 - MedKG-RAG - INFO -  Progress: 12/17 batches processed (TARGETS edges)
2026-04-26 16:57:33,848 - MedKG-RAG - INFO -  Progress: 13/17 batches processed (TARGETS edges)
2026-04-26 16:57:33,877 - MedKG-RAG - INFO -  Progress: 14/17 batches processed (TARGETS edges)
2026-04-26 16:57:33,908 - MedKG-RAG - INFO -  Progress: 15/17 batches processed (TARGETS edges)
2026-04-26 16:57:33,941 - MedKG-RAG - INFO -  Progress: 16/17 batches processed (TARGETS edges)
2026-04-26 16:57:33,960 - MedKG-RAG - INFO -  Progress: 17/17 batches processed (TARGETS edges)
2026-04-26 16:57:34,054 - MedKG-RAG - INFO - Importing 16,380 'TARGETS' edges (GeneProtein)->(Drug)...
2026-04-26 16:57:34,154 - MedKG-RAG - INFO -  Progress: 1/17 batches processed (TARGETS edges)
2026-04-26 16:57:34,185 - MedKG-RAG - INFO -  Progress: 2/17 batches processed (TARGETS edges)
2026-04-26 16:57:34,215 - MedKG-RAG - INFO -  Progress: 3/17 batches processed (TARGETS edges)
2026-04-26 16:57:34,253 - MedKG-RAG - INFO -  Progress: 4/17 batches processed (TARGETS edges)
2026-04-26 16:57:34,286 - MedKG-RAG - INFO -  Progress: 5/17 batches processed (TARGETS edges)
2026-04-26 16:57:34,322 - MedKG-RAG - INFO -  Progress: 6/17 batches processed (TARGETS edges)
2026-04-26 16:57:34,354 - MedKG-RAG - INFO -  Progress: 7/17 batches processed (TARGETS edges)
2026-04-26 16:57:34,388 - MedKG-RAG - INFO -  Progress: 8/17 batches processed (TARGETS edges)
2026-04-26 16:57:34,422 - MedKG-RAG - INFO -  Progress: 9/17 batches processed (TARGETS edges)
2026-04-26 16:57:34,454 - MedKG-RAG - INFO -  Progress: 10/17 batches processed (TARGETS edges)
2026-04-26 16:57:34,492 - MedKG-RAG - INFO -  Progress: 11/17 batches processed (TARGETS edges)
2026-04-26 16:57:34,524 - MedKG-RAG - INFO -  Progress: 12/17 batches processed (TARGETS edges)
2026-04-26 16:57:34,556 - MedKG-RAG - INFO -  Progress: 13/17 batches processed (TARGETS edges)
2026-04-26 16:57:34,612 - MedKG-RAG - INFO -  Progress: 14/17 batches processed (TARGETS edges)
2026-04-26 16:57:34,649 - MedKG-RAG - INFO -  Progress: 15/17 batches processed (TARGETS edges)
2026-04-26 16:57:34,682 - MedKG-RAG - INFO -  Progress: 16/17 batches processed (TARGETS edges)
2026-04-26 16:57:34,700 - MedKG-RAG - INFO -  Progress: 17/17 batches processed (TARGETS edges)
2026-04-26 16:57:34,718 - MedKG-RAG - INFO - Importing 3,092 'TRANSPORTED_BY' edges (Drug)->(GeneProtein)...
2026-04-26 16:57:34,820 - MedKG-RAG - INFO -  Progress: 1/4 batches processed (TRANSPORTED_BY edges)
2026-04-26 16:57:34,853 - MedKG-RAG - INFO -  Progress: 2/4 batches processed (TRANSPORTED_BY edges)
2026-04-26 16:57:34,883 - MedKG-RAG - INFO -  Progress: 3/4 batches processed (TRANSPORTED_BY edges)
2026-04-26 16:57:34,976 - MedKG-RAG - INFO -  Progress: 4/4 batches processed (TRANSPORTED_BY edges)
2026-04-26 16:57:34,992 - MedKG-RAG - INFO - Importing 3,092 'TRANSPORTED_BY' edges (GeneProtein)->(Drug)...
2026-04-26 16:57:35,088 - MedKG-RAG - INFO -  Progress: 1/4 batches processed (TRANSPORTED_BY edges)
2026-04-26 16:57:35,113 - MedKG-RAG - INFO -  Progress: 2/4 batches processed (TRANSPORTED_BY edges)
2026-04-26 16:57:35,139 - MedKG-RAG - INFO -  Progress: 3/4 batches processed (TRANSPORTED_BY edges)
2026-04-26 16:57:35,207 - MedKG-RAG - INFO -  Progress: 4/4 batches processed (TRANSPORTED_BY edges)
2026-04-26 16:57:35,245 - MedKG-RAG - INFO - Importing 9,388 'TREATS' edges (Disease)->(Drug)...
2026-04-26 16:57:35,327 - MedKG-RAG - INFO -  Progress: 1/10 batches processed (TREATS edges)
2026-04-26 16:57:35,357 - MedKG-RAG - INFO -  Progress: 2/10 batches processed (TREATS edges)
2026-04-26 16:57:35,383 - MedKG-RAG - INFO -  Progress: 3/10 batches processed (TREATS edges)
2026-04-26 16:57:35,408 - MedKG-RAG - INFO -  Progress: 4/10 batches processed (TREATS edges)
2026-04-26 16:57:35,435 - MedKG-RAG - INFO -  Progress: 5/10 batches processed (TREATS edges)
2026-04-26 16:57:35,461 - MedKG-RAG - INFO -  Progress: 6/10 batches processed (TREATS edges)
2026-04-26 16:57:35,491 - MedKG-RAG - INFO -  Progress: 7/10 batches processed (TREATS edges)
2026-04-26 16:57:35,517 - MedKG-RAG - INFO -  Progress: 8/10 batches processed (TREATS edges)
2026-04-26 16:57:35,546 - MedKG-RAG - INFO -  Progress: 9/10 batches processed (TREATS edges)
2026-04-26 16:57:35,559 - MedKG-RAG - INFO -  Progress: 10/10 batches processed (TREATS edges)
2026-04-26 16:57:35,597 - MedKG-RAG - INFO - Importing 9,388 'TREATS' edges (Drug)->(Disease)...
2026-04-26 16:57:35,683 - MedKG-RAG - INFO -  Progress: 1/10 batches processed (TREATS edges)
2026-04-26 16:57:35,708 - MedKG-RAG - INFO -  Progress: 2/10 batches processed (TREATS edges)
2026-04-26 16:57:35,732 - MedKG-RAG - INFO -  Progress: 3/10 batches processed (TREATS edges)
2026-04-26 16:57:35,760 - MedKG-RAG - INFO -  Progress: 4/10 batches processed (TREATS edges)
2026-04-26 16:57:35,788 - MedKG-RAG - INFO -  Progress: 5/10 batches processed (TREATS edges)
2026-04-26 16:57:35,827 - MedKG-RAG - INFO -  Progress: 6/10 batches processed (TREATS edges)
2026-04-26 16:57:35,872 - MedKG-RAG - INFO -  Progress: 7/10 batches processed (TREATS edges)
2026-04-26 16:57:35,938 - MedKG-RAG - INFO -  Progress: 8/10 batches processed (TREATS edges)
2026-04-26 16:57:35,984 - MedKG-RAG - INFO -  Progress: 9/10 batches processed (TREATS edges)
2026-04-26 16:57:36,000 - MedKG-RAG - INFO -  Progress: 10/10 batches processed (TREATS edges)
2026-04-26 16:57:36,005 - MedKG-RAG - INFO - ---Step 4: Generating and storing embeddings---
2026-04-26 16:57:36,006 - MedKG-RAG - INFO - Initializing MedCPT model ncbi/MedCPT-Article-Encoder on cpu
2026-04-26 16:57:47,863 - MedKG-RAG - INFO - Encoding 37,345 nodes with MedCPT-Article-Encoder...
2026-04-26 20:41:43,444 - MedKG-RAG - INFO - Pipeline building Neo4j KG started
2026-04-26 20:41:43,445 - MedKG-RAG - INFO - Loading filtered CSV data into memory...
2026-04-26 20:41:44,512 - MedKG-RAG - INFO - Loaded 37,345 nodes and 838,450 edges
2026-04-26 20:41:44,514 - MedKG-RAG - INFO - ---Step 1: Enforcing constraints---
2026-04-26 20:41:44,606 - MedKG-RAG - INFO - Constraint ensured: Disease.node_id IS UNIQUE
2026-04-26 20:41:44,616 - MedKG-RAG - INFO - Constraint ensured: Drug.node_id IS UNIQUE
2026-04-26 20:41:44,621 - MedKG-RAG - INFO - Constraint ensured: GeneProtein.node_id IS UNIQUE
2026-04-26 20:41:44,626 - MedKG-RAG - INFO - Constraint ensured: EffectPhenotype.node_id IS UNIQUE
2026-04-26 20:41:44,626 - MedKG-RAG - INFO - ---Step 2: Importing nodes---
2026-04-26 20:41:44,683 - MedKG-RAG - INFO - Importing 10,399 nodes for Disease...
2026-04-26 20:41:44,735 - MedKG-RAG - INFO -  Progress: 2/21 batches processed (Disease nodes)
2026-04-26 20:41:44,769 - MedKG-RAG - INFO -  Progress: 4/21 batches processed (Disease nodes)
2026-04-26 20:41:44,824 - MedKG-RAG - INFO -  Progress: 6/21 batches processed (Disease nodes)
2026-04-26 20:41:44,864 - MedKG-RAG - INFO -  Progress: 8/21 batches processed (Disease nodes)
2026-04-26 20:41:44,904 - MedKG-RAG - INFO -  Progress: 10/21 batches processed (Disease nodes)
2026-04-26 20:41:44,940 - MedKG-RAG - INFO -  Progress: 12/21 batches processed (Disease nodes)
2026-04-26 20:41:44,976 - MedKG-RAG - INFO -  Progress: 14/21 batches processed (Disease nodes)
2026-04-26 20:41:45,018 - MedKG-RAG - INFO -  Progress: 16/21 batches processed (Disease nodes)
2026-04-26 20:41:45,088 - MedKG-RAG - INFO -  Progress: 18/21 batches processed (Disease nodes)
2026-04-26 20:41:45,126 - MedKG-RAG - INFO -  Progress: 20/21 batches processed (Disease nodes)
2026-04-26 20:41:45,141 - MedKG-RAG - INFO -  Progress: 21/21 batches processed (Disease nodes)
2026-04-26 20:41:45,170 - MedKG-RAG - INFO - Importing 6,681 nodes for Drug...
2026-04-26 20:41:45,196 - MedKG-RAG - INFO -  Progress: 1/14 batches processed (Drug nodes)
2026-04-26 20:41:45,212 - MedKG-RAG - INFO -  Progress: 2/14 batches processed (Drug nodes)
2026-04-26 20:41:45,227 - MedKG-RAG - INFO -  Progress: 3/14 batches processed (Drug nodes)
2026-04-26 20:41:45,244 - MedKG-RAG - INFO -  Progress: 4/14 batches processed (Drug nodes)
2026-04-26 20:41:45,262 - MedKG-RAG - INFO -  Progress: 5/14 batches processed (Drug nodes)
2026-04-26 20:41:45,284 - MedKG-RAG - INFO -  Progress: 6/14 batches processed (Drug nodes)
2026-04-26 20:41:45,327 - MedKG-RAG - INFO -  Progress: 7/14 batches processed (Drug nodes)
2026-04-26 20:41:45,350 - MedKG-RAG - INFO -  Progress: 8/14 batches processed (Drug nodes)
2026-04-26 20:41:45,369 - MedKG-RAG - INFO -  Progress: 9/14 batches processed (Drug nodes)
2026-04-26 20:41:45,388 - MedKG-RAG - INFO -  Progress: 10/14 batches processed (Drug nodes)
2026-04-26 20:41:45,410 - MedKG-RAG - INFO -  Progress: 11/14 batches processed (Drug nodes)
2026-04-26 20:41:45,431 - MedKG-RAG - INFO -  Progress: 12/14 batches processed (Drug nodes)
2026-04-26 20:41:45,451 - MedKG-RAG - INFO -  Progress: 13/14 batches processed (Drug nodes)
2026-04-26 20:41:45,461 - MedKG-RAG - INFO -  Progress: 14/14 batches processed (Drug nodes)
2026-04-26 20:41:45,492 - MedKG-RAG - INFO - Importing 7,791 nodes for GeneProtein...
2026-04-26 20:41:45,513 - MedKG-RAG - INFO -  Progress: 1/16 batches processed (GeneProtein nodes)
2026-04-26 20:41:45,533 - MedKG-RAG - INFO -  Progress: 2/16 batches processed (GeneProtein nodes)
2026-04-26 20:41:45,552 - MedKG-RAG - INFO -  Progress: 3/16 batches processed (GeneProtein nodes)
2026-04-26 20:41:45,578 - MedKG-RAG - INFO -  Progress: 4/16 batches processed (GeneProtein nodes)
2026-04-26 20:41:45,602 - MedKG-RAG - INFO -  Progress: 5/16 batches processed (GeneProtein nodes)
2026-04-26 20:41:45,622 - MedKG-RAG - INFO -  Progress: 6/16 batches processed (GeneProtein nodes)
2026-04-26 20:41:45,655 - MedKG-RAG - INFO -  Progress: 7/16 batches processed (GeneProtein nodes)
2026-04-26 20:41:45,680 - MedKG-RAG - INFO -  Progress: 8/16 batches processed (GeneProtein nodes)
2026-04-26 20:41:45,709 - MedKG-RAG - INFO -  Progress: 9/16 batches processed (GeneProtein nodes)
2026-04-26 20:41:45,728 - MedKG-RAG - INFO -  Progress: 10/16 batches processed (GeneProtein nodes)
2026-04-26 20:41:45,749 - MedKG-RAG - INFO -  Progress: 11/16 batches processed (GeneProtein nodes)
2026-04-26 20:41:45,769 - MedKG-RAG - INFO -  Progress: 12/16 batches processed (GeneProtein nodes)
2026-04-26 20:41:45,789 - MedKG-RAG - INFO -  Progress: 13/16 batches processed (GeneProtein nodes)
2026-04-26 20:41:45,812 - MedKG-RAG - INFO -  Progress: 14/16 batches processed (GeneProtein nodes)
2026-04-26 20:41:45,840 - MedKG-RAG - INFO -  Progress: 15/16 batches processed (GeneProtein nodes)
2026-04-26 20:41:45,859 - MedKG-RAG - INFO -  Progress: 16/16 batches processed (GeneProtein nodes)
2026-04-26 20:41:46,003 - MedKG-RAG - INFO - Importing 12,474 nodes for EffectPhenotype...
2026-04-26 20:41:46,047 - MedKG-RAG - INFO -  Progress: 2/25 batches processed (EffectPhenotype nodes)
2026-04-26 20:41:46,087 - MedKG-RAG - INFO -  Progress: 4/25 batches processed (EffectPhenotype nodes)
2026-04-26 20:41:46,129 - MedKG-RAG - INFO -  Progress: 6/25 batches processed (EffectPhenotype nodes)
2026-04-26 20:41:46,167 - MedKG-RAG - INFO -  Progress: 8/25 batches processed (EffectPhenotype nodes)
2026-04-26 20:41:46,208 - MedKG-RAG - INFO -  Progress: 10/25 batches processed (EffectPhenotype nodes)
2026-04-26 20:41:46,244 - MedKG-RAG - INFO -  Progress: 12/25 batches processed (EffectPhenotype nodes)
2026-04-26 20:41:46,280 - MedKG-RAG - INFO -  Progress: 14/25 batches processed (EffectPhenotype nodes)
2026-04-26 20:41:46,309 - MedKG-RAG - INFO -  Progress: 16/25 batches processed (EffectPhenotype nodes)
2026-04-26 20:41:46,335 - MedKG-RAG - INFO -  Progress: 18/25 batches processed (EffectPhenotype nodes)
2026-04-26 20:41:46,362 - MedKG-RAG - INFO -  Progress: 20/25 batches processed (EffectPhenotype nodes)
2026-04-26 20:41:46,390 - MedKG-RAG - INFO -  Progress: 22/25 batches processed (EffectPhenotype nodes)
2026-04-26 20:41:46,414 - MedKG-RAG - INFO -  Progress: 24/25 batches processed (EffectPhenotype nodes)
2026-04-26 20:41:46,426 - MedKG-RAG - INFO -  Progress: 25/25 batches processed (EffectPhenotype nodes)
2026-04-26 20:41:46,426 - MedKG-RAG - INFO - ---Step 3: Importing relationships---
2026-04-26 20:41:46,793 - MedKG-RAG - INFO - Importing 80,402 'ASSOCIATED_WITH' edges (Disease)->(GeneProtein)...
2026-04-26 20:41:46,969 - MedKG-RAG - INFO -  Progress: 8/81 batches processed (ASSOCIATED_WITH edges)
2026-04-26 20:41:47,121 - MedKG-RAG - INFO -  Progress: 16/81 batches processed (ASSOCIATED_WITH edges)
2026-04-26 20:41:47,274 - MedKG-RAG - INFO -  Progress: 24/81 batches processed (ASSOCIATED_WITH edges)
2026-04-26 20:41:47,416 - MedKG-RAG - INFO -  Progress: 32/81 batches processed (ASSOCIATED_WITH edges)
2026-04-26 20:41:47,573 - MedKG-RAG - INFO -  Progress: 40/81 batches processed (ASSOCIATED_WITH edges)
2026-04-26 20:41:47,714 - MedKG-RAG - INFO -  Progress: 48/81 batches processed (ASSOCIATED_WITH edges)
2026-04-26 20:41:47,851 - MedKG-RAG - INFO -  Progress: 56/81 batches processed (ASSOCIATED_WITH edges)
2026-04-26 20:41:48,009 - MedKG-RAG - INFO -  Progress: 64/81 batches processed (ASSOCIATED_WITH edges)
2026-04-26 20:41:48,153 - MedKG-RAG - INFO -  Progress: 72/81 batches processed (ASSOCIATED_WITH edges)
2026-04-26 20:41:48,311 - MedKG-RAG - INFO -  Progress: 80/81 batches processed (ASSOCIATED_WITH edges)
2026-04-26 20:41:48,321 - MedKG-RAG - INFO -  Progress: 81/81 batches processed (ASSOCIATED_WITH edges)
2026-04-26 20:41:48,336 - MedKG-RAG - INFO - Importing 3,330 'ASSOCIATED_WITH' edges (EffectPhenotype)->(GeneProtein)...
2026-04-26 20:41:48,355 - MedKG-RAG - INFO -  Progress: 1/4 batches processed (ASSOCIATED_WITH edges)
2026-04-26 20:41:48,372 - MedKG-RAG - INFO -  Progress: 2/4 batches processed (ASSOCIATED_WITH edges)
2026-04-26 20:41:48,391 - MedKG-RAG - INFO -  Progress: 3/4 batches processed (ASSOCIATED_WITH edges)
2026-04-26 20:41:48,401 - MedKG-RAG - INFO -  Progress: 4/4 batches processed (ASSOCIATED_WITH edges)
2026-04-26 20:41:48,614 - MedKG-RAG - INFO - Importing 80,411 'ASSOCIATED_WITH' edges (GeneProtein)->(Disease)...
2026-04-26 20:41:48,792 - MedKG-RAG - INFO -  Progress: 8/81 batches processed (ASSOCIATED_WITH edges)
2026-04-26 20:41:48,928 - MedKG-RAG - INFO -  Progress: 16/81 batches processed (ASSOCIATED_WITH edges)
2026-04-26 20:41:49,076 - MedKG-RAG - INFO -  Progress: 24/81 batches processed (ASSOCIATED_WITH edges)
2026-04-26 20:41:49,219 - MedKG-RAG - INFO -  Progress: 32/81 batches processed (ASSOCIATED_WITH edges)
2026-04-26 20:41:49,356 - MedKG-RAG - INFO -  Progress: 40/81 batches processed (ASSOCIATED_WITH edges)
2026-04-26 20:41:49,495 - MedKG-RAG - INFO -  Progress: 48/81 batches processed (ASSOCIATED_WITH edges)
2026-04-26 20:41:49,629 - MedKG-RAG - INFO -  Progress: 56/81 batches processed (ASSOCIATED_WITH edges)
2026-04-26 20:41:49,763 - MedKG-RAG - INFO -  Progress: 64/81 batches processed (ASSOCIATED_WITH edges)
2026-04-26 20:41:49,906 - MedKG-RAG - INFO -  Progress: 72/81 batches processed (ASSOCIATED_WITH edges)
2026-04-26 20:41:50,043 - MedKG-RAG - INFO -  Progress: 80/81 batches processed (ASSOCIATED_WITH edges)
2026-04-26 20:41:50,052 - MedKG-RAG - INFO -  Progress: 81/81 batches processed (ASSOCIATED_WITH edges)
2026-04-26 20:41:50,065 - MedKG-RAG - INFO - Importing 3,330 'ASSOCIATED_WITH' edges (GeneProtein)->(EffectPhenotype)...
2026-04-26 20:41:50,083 - MedKG-RAG - INFO -  Progress: 1/4 batches processed (ASSOCIATED_WITH edges)
2026-04-26 20:41:50,108 - MedKG-RAG - INFO -  Progress: 2/4 batches processed (ASSOCIATED_WITH edges)
2026-04-26 20:41:50,125 - MedKG-RAG - INFO -  Progress: 3/4 batches processed (ASSOCIATED_WITH edges)
2026-04-26 20:41:50,133 - MedKG-RAG - INFO -  Progress: 4/4 batches processed (ASSOCIATED_WITH edges)
2026-04-26 20:41:50,137 - MedKG-RAG - INFO - Importing 864 'CARRIED_BY' edges (Drug)->(GeneProtein)...
2026-04-26 20:41:50,153 - MedKG-RAG - INFO -  Progress: 1/1 batches processed (CARRIED_BY edges)
2026-04-26 20:41:50,157 - MedKG-RAG - INFO - Importing 864 'CARRIED_BY' edges (GeneProtein)->(Drug)...
2026-04-26 20:41:50,173 - MedKG-RAG - INFO -  Progress: 1/1 batches processed (CARRIED_BY edges)
2026-04-26 20:41:50,253 - MedKG-RAG - INFO - Importing 30,675 'CONTRAINDICATES' edges (Disease)->(Drug)...
2026-04-26 20:41:50,309 - MedKG-RAG - INFO -  Progress: 3/31 batches processed (CONTRAINDICATES edges)
2026-04-26 20:41:50,370 - MedKG-RAG - INFO -  Progress: 6/31 batches processed (CONTRAINDICATES edges)
2026-04-26 20:41:50,422 - MedKG-RAG - INFO -  Progress: 9/31 batches processed (CONTRAINDICATES edges)
2026-04-26 20:41:50,476 - MedKG-RAG - INFO -  Progress: 12/31 batches processed (CONTRAINDICATES edges)
2026-04-26 20:41:50,530 - MedKG-RAG - INFO -  Progress: 15/31 batches processed (CONTRAINDICATES edges)
2026-04-26 20:41:50,583 - MedKG-RAG - INFO -  Progress: 18/31 batches processed (CONTRAINDICATES edges)
2026-04-26 20:41:50,638 - MedKG-RAG - INFO -  Progress: 21/31 batches processed (CONTRAINDICATES edges)
2026-04-26 20:41:50,691 - MedKG-RAG - INFO -  Progress: 24/31 batches processed (CONTRAINDICATES edges)
2026-04-26 20:41:50,745 - MedKG-RAG - INFO -  Progress: 27/31 batches processed (CONTRAINDICATES edges)
2026-04-26 20:41:50,796 - MedKG-RAG - INFO -  Progress: 30/31 batches processed (CONTRAINDICATES edges)
2026-04-26 20:41:50,808 - MedKG-RAG - INFO -  Progress: 31/31 batches processed (CONTRAINDICATES edges)
2026-04-26 20:41:50,889 - MedKG-RAG - INFO - Importing 30,675 'CONTRAINDICATES' edges (Drug)->(Disease)...
2026-04-26 20:41:50,946 - MedKG-RAG - INFO -  Progress: 3/31 batches processed (CONTRAINDICATES edges)
2026-04-26 20:41:51,002 - MedKG-RAG - INFO -  Progress: 6/31 batches processed (CONTRAINDICATES edges)
2026-04-26 20:41:51,059 - MedKG-RAG - INFO -  Progress: 9/31 batches processed (CONTRAINDICATES edges)
2026-04-26 20:41:51,124 - MedKG-RAG - INFO -  Progress: 12/31 batches processed (CONTRAINDICATES edges)
2026-04-26 20:41:51,180 - MedKG-RAG - INFO -  Progress: 15/31 batches processed (CONTRAINDICATES edges)
2026-04-26 20:41:51,234 - MedKG-RAG - INFO -  Progress: 18/31 batches processed (CONTRAINDICATES edges)
2026-04-26 20:41:51,289 - MedKG-RAG - INFO -  Progress: 21/31 batches processed (CONTRAINDICATES edges)
2026-04-26 20:41:51,371 - MedKG-RAG - INFO -  Progress: 24/31 batches processed (CONTRAINDICATES edges)
2026-04-26 20:41:51,443 - MedKG-RAG - INFO -  Progress: 27/31 batches processed (CONTRAINDICATES edges)
2026-04-26 20:41:51,499 - MedKG-RAG - INFO -  Progress: 30/31 batches processed (CONTRAINDICATES edges)
2026-04-26 20:41:51,512 - MedKG-RAG - INFO -  Progress: 31/31 batches processed (CONTRAINDICATES edges)
2026-04-26 20:41:51,680 - MedKG-RAG - INFO - Importing 64,784 'HAS_SIDE_EFFECT' edges (Drug)->(EffectPhenotype)...
2026-04-26 20:41:51,789 - MedKG-RAG - INFO -  Progress: 6/65 batches processed (HAS_SIDE_EFFECT edges)
2026-04-26 20:41:51,895 - MedKG-RAG - INFO -  Progress: 12/65 batches processed (HAS_SIDE_EFFECT edges)
2026-04-26 20:41:52,001 - MedKG-RAG - INFO -  Progress: 18/65 batches processed (HAS_SIDE_EFFECT edges)
2026-04-26 20:41:52,110 - MedKG-RAG - INFO -  Progress: 24/65 batches processed (HAS_SIDE_EFFECT edges)
2026-04-26 20:41:52,217 - MedKG-RAG - INFO -  Progress: 30/65 batches processed (HAS_SIDE_EFFECT edges)
2026-04-26 20:41:52,324 - MedKG-RAG - INFO -  Progress: 36/65 batches processed (HAS_SIDE_EFFECT edges)
2026-04-26 20:41:52,442 - MedKG-RAG - INFO -  Progress: 42/65 batches processed (HAS_SIDE_EFFECT edges)
2026-04-26 20:41:52,551 - MedKG-RAG - INFO -  Progress: 48/65 batches processed (HAS_SIDE_EFFECT edges)
2026-04-26 20:41:52,660 - MedKG-RAG - INFO -  Progress: 54/65 batches processed (HAS_SIDE_EFFECT edges)
2026-04-26 20:41:52,765 - MedKG-RAG - INFO -  Progress: 60/65 batches processed (HAS_SIDE_EFFECT edges)
2026-04-26 20:41:52,848 - MedKG-RAG - INFO -  Progress: 65/65 batches processed (HAS_SIDE_EFFECT edges)
2026-04-26 20:41:53,016 - MedKG-RAG - INFO - Importing 64,784 'HAS_SIDE_EFFECT' edges (EffectPhenotype)->(Drug)...
2026-04-26 20:41:53,138 - MedKG-RAG - INFO -  Progress: 6/65 batches processed (HAS_SIDE_EFFECT edges)
2026-04-26 20:41:53,240 - MedKG-RAG - INFO -  Progress: 12/65 batches processed (HAS_SIDE_EFFECT edges)
2026-04-26 20:41:53,342 - MedKG-RAG - INFO -  Progress: 18/65 batches processed (HAS_SIDE_EFFECT edges)
2026-04-26 20:41:53,447 - MedKG-RAG - INFO -  Progress: 24/65 batches processed (HAS_SIDE_EFFECT edges)
2026-04-26 20:41:53,554 - MedKG-RAG - INFO -  Progress: 30/65 batches processed (HAS_SIDE_EFFECT edges)
2026-04-26 20:41:53,658 - MedKG-RAG - INFO -  Progress: 36/65 batches processed (HAS_SIDE_EFFECT edges)
2026-04-26 20:41:53,777 - MedKG-RAG - INFO -  Progress: 42/65 batches processed (HAS_SIDE_EFFECT edges)
2026-04-26 20:41:53,878 - MedKG-RAG - INFO -  Progress: 48/65 batches processed (HAS_SIDE_EFFECT edges)
2026-04-26 20:41:53,980 - MedKG-RAG - INFO -  Progress: 54/65 batches processed (HAS_SIDE_EFFECT edges)
2026-04-26 20:41:54,084 - MedKG-RAG - INFO -  Progress: 60/65 batches processed (HAS_SIDE_EFFECT edges)
2026-04-26 20:41:54,164 - MedKG-RAG - INFO -  Progress: 65/65 batches processed (HAS_SIDE_EFFECT edges)
2026-04-26 20:41:54,181 - MedKG-RAG - INFO - Importing 5,317 'METABOLIZED_BY' edges (Drug)->(GeneProtein)...
2026-04-26 20:41:54,200 - MedKG-RAG - INFO -  Progress: 1/6 batches processed (METABOLIZED_BY edges)
2026-04-26 20:41:54,218 - MedKG-RAG - INFO -  Progress: 2/6 batches processed (METABOLIZED_BY edges)
2026-04-26 20:41:54,237 - MedKG-RAG - INFO -  Progress: 3/6 batches processed (METABOLIZED_BY edges)
2026-04-26 20:41:54,255 - MedKG-RAG - INFO -  Progress: 4/6 batches processed (METABOLIZED_BY edges)
2026-04-26 20:41:54,305 - MedKG-RAG - INFO -  Progress: 5/6 batches processed (METABOLIZED_BY edges)
2026-04-26 20:41:54,313 - MedKG-RAG - INFO -  Progress: 6/6 batches processed (METABOLIZED_BY edges)
2026-04-26 20:41:54,327 - MedKG-RAG - INFO - Importing 5,317 'METABOLIZED_BY' edges (GeneProtein)->(Drug)...
2026-04-26 20:41:54,347 - MedKG-RAG - INFO -  Progress: 1/6 batches processed (METABOLIZED_BY edges)
2026-04-26 20:41:54,367 - MedKG-RAG - INFO -  Progress: 2/6 batches processed (METABOLIZED_BY edges)
2026-04-26 20:41:54,384 - MedKG-RAG - INFO -  Progress: 3/6 batches processed (METABOLIZED_BY edges)
2026-04-26 20:41:54,402 - MedKG-RAG - INFO -  Progress: 4/6 batches processed (METABOLIZED_BY edges)
2026-04-26 20:41:54,424 - MedKG-RAG - INFO -  Progress: 5/6 batches processed (METABOLIZED_BY edges)
2026-04-26 20:41:54,432 - MedKG-RAG - INFO -  Progress: 6/6 batches processed (METABOLIZED_BY edges)
2026-04-26 20:41:54,440 - MedKG-RAG - INFO - Importing 2,568 'OFF_LABEL_USE' edges (Disease)->(Drug)...
2026-04-26 20:41:54,461 - MedKG-RAG - INFO -  Progress: 1/3 batches processed (OFF_LABEL_USE edges)
2026-04-26 20:41:54,479 - MedKG-RAG - INFO -  Progress: 2/3 batches processed (OFF_LABEL_USE edges)
2026-04-26 20:41:54,490 - MedKG-RAG - INFO -  Progress: 3/3 batches processed (OFF_LABEL_USE edges)
2026-04-26 20:41:54,498 - MedKG-RAG - INFO - Importing 2,568 'OFF_LABEL_USE' edges (Drug)->(Disease)...
2026-04-26 20:41:54,515 - MedKG-RAG - INFO -  Progress: 1/3 batches processed (OFF_LABEL_USE edges)
2026-04-26 20:41:54,533 - MedKG-RAG - INFO -  Progress: 2/3 batches processed (OFF_LABEL_USE edges)
2026-04-26 20:41:54,548 - MedKG-RAG - INFO -  Progress: 3/3 batches processed (OFF_LABEL_USE edges)
2026-04-26 20:41:54,553 - MedKG-RAG - INFO - Importing 1,193 'PHENOTYPE_ABSENT' edges (Disease)->(EffectPhenotype)...
2026-04-26 20:41:54,571 - MedKG-RAG - INFO -  Progress: 1/2 batches processed (PHENOTYPE_ABSENT edges)
2026-04-26 20:41:54,577 - MedKG-RAG - INFO -  Progress: 2/2 batches processed (PHENOTYPE_ABSENT edges)
2026-04-26 20:41:54,582 - MedKG-RAG - INFO - Importing 1,193 'PHENOTYPE_ABSENT' edges (EffectPhenotype)->(Disease)...
2026-04-26 20:41:54,599 - MedKG-RAG - INFO -  Progress: 1/2 batches processed (PHENOTYPE_ABSENT edges)
2026-04-26 20:41:54,605 - MedKG-RAG - INFO -  Progress: 2/2 batches processed (PHENOTYPE_ABSENT edges)
2026-04-26 20:41:55,013 - MedKG-RAG - INFO - Importing 150,317 'PRESENTS' edges (Disease)->(EffectPhenotype)...
2026-04-26 20:41:55,289 - MedKG-RAG - INFO -  Progress: 15/151 batches processed (PRESENTS edges)
2026-04-26 20:41:55,547 - MedKG-RAG - INFO -  Progress: 30/151 batches processed (PRESENTS edges)
2026-04-26 20:41:55,813 - MedKG-RAG - INFO -  Progress: 45/151 batches processed (PRESENTS edges)
2026-04-26 20:41:56,090 - MedKG-RAG - INFO -  Progress: 60/151 batches processed (PRESENTS edges)
2026-04-26 20:41:56,357 - MedKG-RAG - INFO -  Progress: 75/151 batches processed (PRESENTS edges)
2026-04-26 20:41:56,610 - MedKG-RAG - INFO -  Progress: 90/151 batches processed (PRESENTS edges)
2026-04-26 20:41:56,919 - MedKG-RAG - INFO -  Progress: 105/151 batches processed (PRESENTS edges)
2026-04-26 20:41:57,188 - MedKG-RAG - INFO -  Progress: 120/151 batches processed (PRESENTS edges)
2026-04-26 20:41:57,481 - MedKG-RAG - INFO -  Progress: 135/151 batches processed (PRESENTS edges)
2026-04-26 20:41:57,794 - MedKG-RAG - INFO -  Progress: 150/151 batches processed (PRESENTS edges)
2026-04-26 20:41:57,802 - MedKG-RAG - INFO -  Progress: 151/151 batches processed (PRESENTS edges)
2026-04-26 20:41:58,228 - MedKG-RAG - INFO - Importing 150,312 'PRESENTS' edges (EffectPhenotype)->(Disease)...
2026-04-26 20:41:58,549 - MedKG-RAG - INFO -  Progress: 15/151 batches processed (PRESENTS edges)
2026-04-26 20:41:58,846 - MedKG-RAG - INFO -  Progress: 30/151 batches processed (PRESENTS edges)
2026-04-26 20:41:59,112 - MedKG-RAG - INFO -  Progress: 45/151 batches processed (PRESENTS edges)
2026-04-26 20:41:59,383 - MedKG-RAG - INFO -  Progress: 60/151 batches processed (PRESENTS edges)
2026-04-26 20:41:59,692 - MedKG-RAG - INFO -  Progress: 75/151 batches processed (PRESENTS edges)
2026-04-26 20:42:00,000 - MedKG-RAG - INFO -  Progress: 90/151 batches processed (PRESENTS edges)
2026-04-26 20:42:00,305 - MedKG-RAG - INFO -  Progress: 105/151 batches processed (PRESENTS edges)
2026-04-26 20:42:00,560 - MedKG-RAG - INFO -  Progress: 120/151 batches processed (PRESENTS edges)
2026-04-26 20:42:00,838 - MedKG-RAG - INFO -  Progress: 135/151 batches processed (PRESENTS edges)
2026-04-26 20:42:01,417 - MedKG-RAG - INFO -  Progress: 150/151 batches processed (PRESENTS edges)
2026-04-26 20:42:01,432 - MedKG-RAG - INFO -  Progress: 151/151 batches processed (PRESENTS edges)
2026-04-26 20:42:02,438 - MedKG-RAG - INFO - Importing 64,361 'SUBTYPE_OF' edges (Disease)->(Disease)...
2026-04-26 20:42:02,687 - MedKG-RAG - INFO -  Progress: 6/65 batches processed (SUBTYPE_OF edges)
2026-04-26 20:42:02,852 - MedKG-RAG - INFO -  Progress: 12/65 batches processed (SUBTYPE_OF edges)
2026-04-26 20:42:03,117 - MedKG-RAG - INFO -  Progress: 18/65 batches processed (SUBTYPE_OF edges)
2026-04-26 20:42:03,337 - MedKG-RAG - INFO -  Progress: 24/65 batches processed (SUBTYPE_OF edges)
2026-04-26 20:42:03,458 - MedKG-RAG - INFO -  Progress: 30/65 batches processed (SUBTYPE_OF edges)
2026-04-26 20:42:03,548 - MedKG-RAG - INFO -  Progress: 36/65 batches processed (SUBTYPE_OF edges)
2026-04-26 20:42:03,636 - MedKG-RAG - INFO -  Progress: 42/65 batches processed (SUBTYPE_OF edges)
2026-04-26 20:42:03,730 - MedKG-RAG - INFO -  Progress: 48/65 batches processed (SUBTYPE_OF edges)
2026-04-26 20:42:03,830 - MedKG-RAG - INFO -  Progress: 54/65 batches processed (SUBTYPE_OF edges)
2026-04-26 20:42:03,931 - MedKG-RAG - INFO -  Progress: 60/65 batches processed (SUBTYPE_OF edges)
2026-04-26 20:42:04,003 - MedKG-RAG - INFO -  Progress: 65/65 batches processed (SUBTYPE_OF edges)
2026-04-26 20:42:04,102 - MedKG-RAG - INFO - Importing 37,465 'SUBTYPE_OF' edges (EffectPhenotype)->(EffectPhenotype)...
2026-04-26 20:42:04,151 - MedKG-RAG - INFO -  Progress: 3/38 batches processed (SUBTYPE_OF edges)
2026-04-26 20:42:04,199 - MedKG-RAG - INFO -  Progress: 6/38 batches processed (SUBTYPE_OF edges)
2026-04-26 20:42:04,245 - MedKG-RAG - INFO -  Progress: 9/38 batches processed (SUBTYPE_OF edges)
2026-04-26 20:42:04,297 - MedKG-RAG - INFO -  Progress: 12/38 batches processed (SUBTYPE_OF edges)
2026-04-26 20:42:04,356 - MedKG-RAG - INFO -  Progress: 15/38 batches processed (SUBTYPE_OF edges)
2026-04-26 20:42:04,407 - MedKG-RAG - INFO -  Progress: 18/38 batches processed (SUBTYPE_OF edges)
2026-04-26 20:42:04,456 - MedKG-RAG - INFO -  Progress: 21/38 batches processed (SUBTYPE_OF edges)
2026-04-26 20:42:04,508 - MedKG-RAG - INFO -  Progress: 24/38 batches processed (SUBTYPE_OF edges)
2026-04-26 20:42:04,558 - MedKG-RAG - INFO -  Progress: 27/38 batches processed (SUBTYPE_OF edges)
2026-04-26 20:42:04,606 - MedKG-RAG - INFO -  Progress: 30/38 batches processed (SUBTYPE_OF edges)
2026-04-26 20:42:04,662 - MedKG-RAG - INFO -  Progress: 33/38 batches processed (SUBTYPE_OF edges)
2026-04-26 20:42:04,712 - MedKG-RAG - INFO -  Progress: 36/38 batches processed (SUBTYPE_OF edges)
2026-04-26 20:42:04,740 - MedKG-RAG - INFO -  Progress: 38/38 batches processed (SUBTYPE_OF edges)
2026-04-26 20:42:04,785 - MedKG-RAG - INFO - Importing 16,380 'TARGETS' edges (Drug)->(GeneProtein)...
2026-04-26 20:42:04,808 - MedKG-RAG - INFO -  Progress: 1/17 batches processed (TARGETS edges)
2026-04-26 20:42:04,825 - MedKG-RAG - INFO -  Progress: 2/17 batches processed (TARGETS edges)
2026-04-26 20:42:04,843 - MedKG-RAG - INFO -  Progress: 3/17 batches processed (TARGETS edges)
2026-04-26 20:42:04,861 - MedKG-RAG - INFO -  Progress: 4/17 batches processed (TARGETS edges)
2026-04-26 20:42:04,879 - MedKG-RAG - INFO -  Progress: 5/17 batches processed (TARGETS edges)
2026-04-26 20:42:04,897 - MedKG-RAG - INFO -  Progress: 6/17 batches processed (TARGETS edges)
2026-04-26 20:42:04,915 - MedKG-RAG - INFO -  Progress: 7/17 batches processed (TARGETS edges)
2026-04-26 20:42:04,932 - MedKG-RAG - INFO -  Progress: 8/17 batches processed (TARGETS edges)
2026-04-26 20:42:04,949 - MedKG-RAG - INFO -  Progress: 9/17 batches processed (TARGETS edges)
2026-04-26 20:42:04,967 - MedKG-RAG - INFO -  Progress: 10/17 batches processed (TARGETS edges)
2026-04-26 20:42:04,985 - MedKG-RAG - INFO -  Progress: 11/17 batches processed (TARGETS edges)
2026-04-26 20:42:05,002 - MedKG-RAG - INFO -  Progress: 12/17 batches processed (TARGETS edges)
2026-04-26 20:42:05,019 - MedKG-RAG - INFO -  Progress: 13/17 batches processed (TARGETS edges)
2026-04-26 20:42:05,037 - MedKG-RAG - INFO -  Progress: 14/17 batches processed (TARGETS edges)
2026-04-26 20:42:05,055 - MedKG-RAG - INFO -  Progress: 15/17 batches processed (TARGETS edges)
2026-04-26 20:42:05,072 - MedKG-RAG - INFO -  Progress: 16/17 batches processed (TARGETS edges)
2026-04-26 20:42:05,081 - MedKG-RAG - INFO -  Progress: 17/17 batches processed (TARGETS edges)
2026-04-26 20:42:05,125 - MedKG-RAG - INFO - Importing 16,380 'TARGETS' edges (GeneProtein)->(Drug)...
2026-04-26 20:42:05,144 - MedKG-RAG - INFO -  Progress: 1/17 batches processed (TARGETS edges)
2026-04-26 20:42:05,161 - MedKG-RAG - INFO -  Progress: 2/17 batches processed (TARGETS edges)
2026-04-26 20:42:05,179 - MedKG-RAG - INFO -  Progress: 3/17 batches processed (TARGETS edges)
2026-04-26 20:42:05,197 - MedKG-RAG - INFO -  Progress: 4/17 batches processed (TARGETS edges)
2026-04-26 20:42:05,214 - MedKG-RAG - INFO -  Progress: 5/17 batches processed (TARGETS edges)
2026-04-26 20:42:05,232 - MedKG-RAG - INFO -  Progress: 6/17 batches processed (TARGETS edges)
2026-04-26 20:42:05,249 - MedKG-RAG - INFO -  Progress: 7/17 batches processed (TARGETS edges)
2026-04-26 20:42:05,268 - MedKG-RAG - INFO -  Progress: 8/17 batches processed (TARGETS edges)
2026-04-26 20:42:05,285 - MedKG-RAG - INFO -  Progress: 9/17 batches processed (TARGETS edges)
2026-04-26 20:42:05,302 - MedKG-RAG - INFO -  Progress: 10/17 batches processed (TARGETS edges)
2026-04-26 20:42:05,319 - MedKG-RAG - INFO -  Progress: 11/17 batches processed (TARGETS edges)
2026-04-26 20:42:05,336 - MedKG-RAG - INFO -  Progress: 12/17 batches processed (TARGETS edges)
2026-04-26 20:42:05,354 - MedKG-RAG - INFO -  Progress: 13/17 batches processed (TARGETS edges)
2026-04-26 20:42:05,372 - MedKG-RAG - INFO -  Progress: 14/17 batches processed (TARGETS edges)
2026-04-26 20:42:05,389 - MedKG-RAG - INFO -  Progress: 15/17 batches processed (TARGETS edges)
2026-04-26 20:42:05,406 - MedKG-RAG - INFO -  Progress: 16/17 batches processed (TARGETS edges)
2026-04-26 20:42:05,414 - MedKG-RAG - INFO -  Progress: 17/17 batches processed (TARGETS edges)
2026-04-26 20:42:05,424 - MedKG-RAG - INFO - Importing 3,092 'TRANSPORTED_BY' edges (Drug)->(GeneProtein)...
2026-04-26 20:42:05,442 - MedKG-RAG - INFO -  Progress: 1/4 batches processed (TRANSPORTED_BY edges)
2026-04-26 20:42:05,459 - MedKG-RAG - INFO -  Progress: 2/4 batches processed (TRANSPORTED_BY edges)
2026-04-26 20:42:05,476 - MedKG-RAG - INFO -  Progress: 3/4 batches processed (TRANSPORTED_BY edges)
2026-04-26 20:42:05,480 - MedKG-RAG - INFO -  Progress: 4/4 batches processed (TRANSPORTED_BY edges)
2026-04-26 20:42:05,490 - MedKG-RAG - INFO - Importing 3,092 'TRANSPORTED_BY' edges (GeneProtein)->(Drug)...
2026-04-26 20:42:05,507 - MedKG-RAG - INFO -  Progress: 1/4 batches processed (TRANSPORTED_BY edges)
2026-04-26 20:42:05,525 - MedKG-RAG - INFO -  Progress: 2/4 batches processed (TRANSPORTED_BY edges)
2026-04-26 20:42:05,542 - MedKG-RAG - INFO -  Progress: 3/4 batches processed (TRANSPORTED_BY edges)
2026-04-26 20:42:05,546 - MedKG-RAG - INFO -  Progress: 4/4 batches processed (TRANSPORTED_BY edges)
2026-04-26 20:42:05,571 - MedKG-RAG - INFO - Importing 9,388 'TREATS' edges (Disease)->(Drug)...
2026-04-26 20:42:05,596 - MedKG-RAG - INFO -  Progress: 1/10 batches processed (TREATS edges)
2026-04-26 20:42:05,613 - MedKG-RAG - INFO -  Progress: 2/10 batches processed (TREATS edges)
2026-04-26 20:42:05,631 - MedKG-RAG - INFO -  Progress: 3/10 batches processed (TREATS edges)
2026-04-26 20:42:05,648 - MedKG-RAG - INFO -  Progress: 4/10 batches processed (TREATS edges)
2026-04-26 20:42:05,665 - MedKG-RAG - INFO -  Progress: 5/10 batches processed (TREATS edges)
2026-04-26 20:42:05,682 - MedKG-RAG - INFO -  Progress: 6/10 batches processed (TREATS edges)
2026-04-26 20:42:05,700 - MedKG-RAG - INFO -  Progress: 7/10 batches processed (TREATS edges)
2026-04-26 20:42:05,727 - MedKG-RAG - INFO -  Progress: 8/10 batches processed (TREATS edges)
2026-04-26 20:42:05,747 - MedKG-RAG - INFO -  Progress: 9/10 batches processed (TREATS edges)
2026-04-26 20:42:05,755 - MedKG-RAG - INFO -  Progress: 10/10 batches processed (TREATS edges)
2026-04-26 20:42:05,780 - MedKG-RAG - INFO - Importing 9,388 'TREATS' edges (Drug)->(Disease)...
2026-04-26 20:42:05,801 - MedKG-RAG - INFO -  Progress: 1/10 batches processed (TREATS edges)
2026-04-26 20:42:05,820 - MedKG-RAG - INFO -  Progress: 2/10 batches processed (TREATS edges)
2026-04-26 20:42:05,838 - MedKG-RAG - INFO -  Progress: 3/10 batches processed (TREATS edges)
2026-04-26 20:42:05,855 - MedKG-RAG - INFO -  Progress: 4/10 batches processed (TREATS edges)
2026-04-26 20:42:05,872 - MedKG-RAG - INFO -  Progress: 5/10 batches processed (TREATS edges)
2026-04-26 20:42:05,890 - MedKG-RAG - INFO -  Progress: 6/10 batches processed (TREATS edges)
2026-04-26 20:42:05,906 - MedKG-RAG - INFO -  Progress: 7/10 batches processed (TREATS edges)
2026-04-26 20:42:05,924 - MedKG-RAG - INFO -  Progress: 8/10 batches processed (TREATS edges)
2026-04-26 20:42:05,941 - MedKG-RAG - INFO -  Progress: 9/10 batches processed (TREATS edges)
2026-04-26 20:42:05,950 - MedKG-RAG - INFO -  Progress: 10/10 batches processed (TREATS edges)
2026-04-26 20:42:05,954 - MedKG-RAG - INFO - ---Step 4: Generating and storing embeddings---
2026-04-26 20:42:05,957 - MedKG-RAG - INFO - Initializing MedCPT model ncbi/MedCPT-Article-Encoder on cpu
2026-04-26 20:42:08,503 - MedKG-RAG - INFO - Encoding 37,345 nodes with MedCPT-Article-Encoder...
2026-04-26 20:59:28,162 - MedKG-RAG - INFO - Pipeline building Neo4j KG started
2026-04-26 20:59:28,163 - MedKG-RAG - INFO - Loading filtered CSV data into memory...
2026-04-26 20:59:28,835 - MedKG-RAG - INFO - Loaded 37,345 nodes and 838,450 edges
2026-04-26 20:59:28,835 - MedKG-RAG - INFO - ---Step 1: Enforcing constraints---
2026-04-26 20:59:29,125 - MedKG-RAG - INFO - Constraint ensured: Disease.node_id IS UNIQUE
2026-04-26 20:59:29,146 - MedKG-RAG - INFO - Constraint ensured: Drug.node_id IS UNIQUE
2026-04-26 20:59:29,150 - MedKG-RAG - INFO - Constraint ensured: GeneProtein.node_id IS UNIQUE
2026-04-26 20:59:29,157 - MedKG-RAG - INFO - Constraint ensured: EffectPhenotype.node_id IS UNIQUE
2026-04-26 20:59:29,158 - MedKG-RAG - INFO - ---Step 2: Importing nodes---
2026-04-26 20:59:29,209 - MedKG-RAG - INFO - Importing 10,399 nodes for Disease...
2026-04-26 20:59:29,285 - MedKG-RAG - INFO -  Progress: 2/21 batches processed (Disease nodes)
2026-04-26 20:59:29,336 - MedKG-RAG - INFO -  Progress: 4/21 batches processed (Disease nodes)
2026-04-26 20:59:29,394 - MedKG-RAG - INFO -  Progress: 6/21 batches processed (Disease nodes)
2026-04-26 20:59:29,448 - MedKG-RAG - INFO -  Progress: 8/21 batches processed (Disease nodes)
2026-04-26 20:59:29,499 - MedKG-RAG - INFO -  Progress: 10/21 batches processed (Disease nodes)
2026-04-26 20:59:29,550 - MedKG-RAG - INFO -  Progress: 12/21 batches processed (Disease nodes)
2026-04-26 20:59:29,597 - MedKG-RAG - INFO -  Progress: 14/21 batches processed (Disease nodes)
2026-04-26 20:59:29,646 - MedKG-RAG - INFO -  Progress: 16/21 batches processed (Disease nodes)
2026-04-26 20:59:29,706 - MedKG-RAG - INFO -  Progress: 18/21 batches processed (Disease nodes)
2026-04-26 20:59:29,758 - MedKG-RAG - INFO -  Progress: 20/21 batches processed (Disease nodes)
2026-04-26 20:59:29,780 - MedKG-RAG - INFO -  Progress: 21/21 batches processed (Disease nodes)
2026-04-26 20:59:29,808 - MedKG-RAG - INFO - Importing 6,681 nodes for Drug...
2026-04-26 20:59:29,833 - MedKG-RAG - INFO -  Progress: 1/14 batches processed (Drug nodes)
2026-04-26 20:59:29,866 - MedKG-RAG - INFO -  Progress: 2/14 batches processed (Drug nodes)
2026-04-26 20:59:29,893 - MedKG-RAG - INFO -  Progress: 3/14 batches processed (Drug nodes)
2026-04-26 20:59:29,948 - MedKG-RAG - INFO -  Progress: 4/14 batches processed (Drug nodes)
2026-04-26 20:59:29,975 - MedKG-RAG - INFO -  Progress: 5/14 batches processed (Drug nodes)
2026-04-26 20:59:30,001 - MedKG-RAG - INFO -  Progress: 6/14 batches processed (Drug nodes)
2026-04-26 20:59:30,025 - MedKG-RAG - INFO -  Progress: 7/14 batches processed (Drug nodes)
2026-04-26 20:59:30,049 - MedKG-RAG - INFO -  Progress: 8/14 batches processed (Drug nodes)
2026-04-26 20:59:30,076 - MedKG-RAG - INFO -  Progress: 9/14 batches processed (Drug nodes)
2026-04-26 20:59:30,103 - MedKG-RAG - INFO -  Progress: 10/14 batches processed (Drug nodes)
2026-04-26 20:59:30,128 - MedKG-RAG - INFO -  Progress: 11/14 batches processed (Drug nodes)
2026-04-26 20:59:30,150 - MedKG-RAG - INFO -  Progress: 12/14 batches processed (Drug nodes)
2026-04-26 20:59:30,174 - MedKG-RAG - INFO -  Progress: 13/14 batches processed (Drug nodes)
2026-04-26 20:59:30,185 - MedKG-RAG - INFO -  Progress: 14/14 batches processed (Drug nodes)
2026-04-26 20:59:30,215 - MedKG-RAG - INFO - Importing 7,791 nodes for GeneProtein...
2026-04-26 20:59:30,239 - MedKG-RAG - INFO -  Progress: 1/16 batches processed (GeneProtein nodes)
2026-04-26 20:59:30,261 - MedKG-RAG - INFO -  Progress: 2/16 batches processed (GeneProtein nodes)
2026-04-26 20:59:30,283 - MedKG-RAG - INFO -  Progress: 3/16 batches processed (GeneProtein nodes)
2026-04-26 20:59:30,306 - MedKG-RAG - INFO -  Progress: 4/16 batches processed (GeneProtein nodes)
2026-04-26 20:59:30,328 - MedKG-RAG - INFO -  Progress: 5/16 batches processed (GeneProtein nodes)
2026-04-26 20:59:30,351 - MedKG-RAG - INFO -  Progress: 6/16 batches processed (GeneProtein nodes)
2026-04-26 20:59:30,373 - MedKG-RAG - INFO -  Progress: 7/16 batches processed (GeneProtein nodes)
2026-04-26 20:59:30,396 - MedKG-RAG - INFO -  Progress: 8/16 batches processed (GeneProtein nodes)
2026-04-26 20:59:30,418 - MedKG-RAG - INFO -  Progress: 9/16 batches processed (GeneProtein nodes)
2026-04-26 20:59:30,443 - MedKG-RAG - INFO -  Progress: 10/16 batches processed (GeneProtein nodes)
2026-04-26 20:59:30,463 - MedKG-RAG - INFO -  Progress: 11/16 batches processed (GeneProtein nodes)
2026-04-26 20:59:30,487 - MedKG-RAG - INFO -  Progress: 12/16 batches processed (GeneProtein nodes)
2026-04-26 20:59:30,508 - MedKG-RAG - INFO -  Progress: 13/16 batches processed (GeneProtein nodes)
2026-04-26 20:59:30,531 - MedKG-RAG - INFO -  Progress: 14/16 batches processed (GeneProtein nodes)
2026-04-26 20:59:30,553 - MedKG-RAG - INFO -  Progress: 15/16 batches processed (GeneProtein nodes)
2026-04-26 20:59:30,567 - MedKG-RAG - INFO -  Progress: 16/16 batches processed (GeneProtein nodes)
2026-04-26 20:59:30,712 - MedKG-RAG - INFO - Importing 12,474 nodes for EffectPhenotype...
2026-04-26 20:59:30,764 - MedKG-RAG - INFO -  Progress: 2/25 batches processed (EffectPhenotype nodes)
2026-04-26 20:59:30,808 - MedKG-RAG - INFO -  Progress: 4/25 batches processed (EffectPhenotype nodes)
2026-04-26 20:59:30,853 - MedKG-RAG - INFO -  Progress: 6/25 batches processed (EffectPhenotype nodes)
2026-04-26 20:59:30,898 - MedKG-RAG - INFO -  Progress: 8/25 batches processed (EffectPhenotype nodes)
2026-04-26 20:59:30,944 - MedKG-RAG - INFO -  Progress: 10/25 batches processed (EffectPhenotype nodes)
2026-04-26 20:59:30,987 - MedKG-RAG - INFO -  Progress: 12/25 batches processed (EffectPhenotype nodes)
2026-04-26 20:59:31,024 - MedKG-RAG - INFO -  Progress: 14/25 batches processed (EffectPhenotype nodes)
2026-04-26 20:59:31,060 - MedKG-RAG - INFO -  Progress: 16/25 batches processed (EffectPhenotype nodes)
2026-04-26 20:59:31,088 - MedKG-RAG - INFO -  Progress: 18/25 batches processed (EffectPhenotype nodes)
2026-04-26 20:59:31,116 - MedKG-RAG - INFO -  Progress: 20/25 batches processed (EffectPhenotype nodes)
2026-04-26 20:59:31,142 - MedKG-RAG - INFO -  Progress: 22/25 batches processed (EffectPhenotype nodes)
2026-04-26 20:59:31,165 - MedKG-RAG - INFO -  Progress: 24/25 batches processed (EffectPhenotype nodes)
2026-04-26 20:59:31,177 - MedKG-RAG - INFO -  Progress: 25/25 batches processed (EffectPhenotype nodes)
2026-04-26 20:59:31,178 - MedKG-RAG - INFO - ---Step 3: Importing relationships---
2026-04-26 20:59:31,506 - MedKG-RAG - INFO - Importing 80,402 'ASSOCIATED_WITH' edges (Disease)->(GeneProtein)...
2026-04-26 20:59:31,695 - MedKG-RAG - INFO -  Progress: 8/81 batches processed (ASSOCIATED_WITH edges)
2026-04-26 20:59:31,840 - MedKG-RAG - INFO -  Progress: 16/81 batches processed (ASSOCIATED_WITH edges)
2026-04-26 20:59:31,987 - MedKG-RAG - INFO -  Progress: 24/81 batches processed (ASSOCIATED_WITH edges)
2026-04-26 20:59:32,133 - MedKG-RAG - INFO -  Progress: 32/81 batches processed (ASSOCIATED_WITH edges)
2026-04-26 20:59:32,285 - MedKG-RAG - INFO -  Progress: 40/81 batches processed (ASSOCIATED_WITH edges)
2026-04-26 20:59:32,445 - MedKG-RAG - INFO -  Progress: 48/81 batches processed (ASSOCIATED_WITH edges)
2026-04-26 20:59:32,599 - MedKG-RAG - INFO -  Progress: 56/81 batches processed (ASSOCIATED_WITH edges)
2026-04-26 20:59:32,757 - MedKG-RAG - INFO -  Progress: 64/81 batches processed (ASSOCIATED_WITH edges)
2026-04-26 20:59:32,922 - MedKG-RAG - INFO -  Progress: 72/81 batches processed (ASSOCIATED_WITH edges)
2026-04-26 20:59:33,075 - MedKG-RAG - INFO -  Progress: 80/81 batches processed (ASSOCIATED_WITH edges)
2026-04-26 20:59:33,086 - MedKG-RAG - INFO -  Progress: 81/81 batches processed (ASSOCIATED_WITH edges)
2026-04-26 20:59:33,101 - MedKG-RAG - INFO - Importing 3,330 'ASSOCIATED_WITH' edges (EffectPhenotype)->(GeneProtein)...
2026-04-26 20:59:33,128 - MedKG-RAG - INFO -  Progress: 1/4 batches processed (ASSOCIATED_WITH edges)
2026-04-26 20:59:33,156 - MedKG-RAG - INFO -  Progress: 2/4 batches processed (ASSOCIATED_WITH edges)
2026-04-26 20:59:33,261 - MedKG-RAG - INFO -  Progress: 3/4 batches processed (ASSOCIATED_WITH edges)
2026-04-26 20:59:33,274 - MedKG-RAG - INFO -  Progress: 4/4 batches processed (ASSOCIATED_WITH edges)
2026-04-26 20:59:33,486 - MedKG-RAG - INFO - Importing 80,411 'ASSOCIATED_WITH' edges (GeneProtein)->(Disease)...
2026-04-26 20:59:33,635 - MedKG-RAG - INFO -  Progress: 8/81 batches processed (ASSOCIATED_WITH edges)
2026-04-26 20:59:33,775 - MedKG-RAG - INFO -  Progress: 16/81 batches processed (ASSOCIATED_WITH edges)
2026-04-26 20:59:33,919 - MedKG-RAG - INFO -  Progress: 24/81 batches processed (ASSOCIATED_WITH edges)
2026-04-26 20:59:34,066 - MedKG-RAG - INFO -  Progress: 32/81 batches processed (ASSOCIATED_WITH edges)
2026-04-26 20:59:34,257 - MedKG-RAG - INFO -  Progress: 40/81 batches processed (ASSOCIATED_WITH edges)
2026-04-26 20:59:34,410 - MedKG-RAG - INFO -  Progress: 48/81 batches processed (ASSOCIATED_WITH edges)
2026-04-26 20:59:34,557 - MedKG-RAG - INFO -  Progress: 56/81 batches processed (ASSOCIATED_WITH edges)
2026-04-26 20:59:34,692 - MedKG-RAG - INFO -  Progress: 64/81 batches processed (ASSOCIATED_WITH edges)
2026-04-26 20:59:34,830 - MedKG-RAG - INFO -  Progress: 72/81 batches processed (ASSOCIATED_WITH edges)
2026-04-26 20:59:34,985 - MedKG-RAG - INFO -  Progress: 80/81 batches processed (ASSOCIATED_WITH edges)
2026-04-26 20:59:34,994 - MedKG-RAG - INFO -  Progress: 81/81 batches processed (ASSOCIATED_WITH edges)
2026-04-26 20:59:35,007 - MedKG-RAG - INFO - Importing 3,330 'ASSOCIATED_WITH' edges (GeneProtein)->(EffectPhenotype)...
2026-04-26 20:59:35,025 - MedKG-RAG - INFO -  Progress: 1/4 batches processed (ASSOCIATED_WITH edges)
2026-04-26 20:59:35,044 - MedKG-RAG - INFO -  Progress: 2/4 batches processed (ASSOCIATED_WITH edges)
2026-04-26 20:59:35,067 - MedKG-RAG - INFO -  Progress: 3/4 batches processed (ASSOCIATED_WITH edges)
2026-04-26 20:59:35,077 - MedKG-RAG - INFO -  Progress: 4/4 batches processed (ASSOCIATED_WITH edges)
2026-04-26 20:59:35,080 - MedKG-RAG - INFO - Importing 864 'CARRIED_BY' edges (Drug)->(GeneProtein)...
2026-04-26 20:59:35,103 - MedKG-RAG - INFO -  Progress: 1/1 batches processed (CARRIED_BY edges)
2026-04-26 20:59:35,107 - MedKG-RAG - INFO - Importing 864 'CARRIED_BY' edges (GeneProtein)->(Drug)...
2026-04-26 20:59:35,123 - MedKG-RAG - INFO -  Progress: 1/1 batches processed (CARRIED_BY edges)
2026-04-26 20:59:35,201 - MedKG-RAG - INFO - Importing 30,675 'CONTRAINDICATES' edges (Disease)->(Drug)...
2026-04-26 20:59:35,268 - MedKG-RAG - INFO -  Progress: 3/31 batches processed (CONTRAINDICATES edges)
2026-04-26 20:59:35,327 - MedKG-RAG - INFO -  Progress: 6/31 batches processed (CONTRAINDICATES edges)
2026-04-26 20:59:35,390 - MedKG-RAG - INFO -  Progress: 9/31 batches processed (CONTRAINDICATES edges)
2026-04-26 20:59:35,446 - MedKG-RAG - INFO -  Progress: 12/31 batches processed (CONTRAINDICATES edges)
2026-04-26 20:59:35,504 - MedKG-RAG - INFO -  Progress: 15/31 batches processed (CONTRAINDICATES edges)
2026-04-26 20:59:35,560 - MedKG-RAG - INFO -  Progress: 18/31 batches processed (CONTRAINDICATES edges)
2026-04-26 20:59:35,614 - MedKG-RAG - INFO -  Progress: 21/31 batches processed (CONTRAINDICATES edges)
2026-04-26 20:59:35,669 - MedKG-RAG - INFO -  Progress: 24/31 batches processed (CONTRAINDICATES edges)
2026-04-26 20:59:35,721 - MedKG-RAG - INFO -  Progress: 27/31 batches processed (CONTRAINDICATES edges)
2026-04-26 20:59:35,772 - MedKG-RAG - INFO -  Progress: 30/31 batches processed (CONTRAINDICATES edges)
2026-04-26 20:59:35,784 - MedKG-RAG - INFO -  Progress: 31/31 batches processed (CONTRAINDICATES edges)
2026-04-26 20:59:35,862 - MedKG-RAG - INFO - Importing 30,675 'CONTRAINDICATES' edges (Drug)->(Disease)...
2026-04-26 20:59:35,925 - MedKG-RAG - INFO -  Progress: 3/31 batches processed (CONTRAINDICATES edges)
2026-04-26 20:59:36,003 - MedKG-RAG - INFO -  Progress: 6/31 batches processed (CONTRAINDICATES edges)
2026-04-26 20:59:36,062 - MedKG-RAG - INFO -  Progress: 9/31 batches processed (CONTRAINDICATES edges)
2026-04-26 20:59:36,114 - MedKG-RAG - INFO -  Progress: 12/31 batches processed (CONTRAINDICATES edges)
2026-04-26 20:59:36,167 - MedKG-RAG - INFO -  Progress: 15/31 batches processed (CONTRAINDICATES edges)
2026-04-26 20:59:36,219 - MedKG-RAG - INFO -  Progress: 18/31 batches processed (CONTRAINDICATES edges)
2026-04-26 20:59:36,276 - MedKG-RAG - INFO -  Progress: 21/31 batches processed (CONTRAINDICATES edges)
2026-04-26 20:59:36,345 - MedKG-RAG - INFO -  Progress: 24/31 batches processed (CONTRAINDICATES edges)
2026-04-26 20:59:36,399 - MedKG-RAG - INFO -  Progress: 27/31 batches processed (CONTRAINDICATES edges)
2026-04-26 20:59:36,454 - MedKG-RAG - INFO -  Progress: 30/31 batches processed (CONTRAINDICATES edges)
2026-04-26 20:59:36,467 - MedKG-RAG - INFO -  Progress: 31/31 batches processed (CONTRAINDICATES edges)
2026-04-26 20:59:36,630 - MedKG-RAG - INFO - Importing 64,784 'HAS_SIDE_EFFECT' edges (Drug)->(EffectPhenotype)...
2026-04-26 20:59:36,746 - MedKG-RAG - INFO -  Progress: 6/65 batches processed (HAS_SIDE_EFFECT edges)
2026-04-26 20:59:36,852 - MedKG-RAG - INFO -  Progress: 12/65 batches processed (HAS_SIDE_EFFECT edges)
2026-04-26 20:59:36,956 - MedKG-RAG - INFO -  Progress: 18/65 batches processed (HAS_SIDE_EFFECT edges)
2026-04-26 20:59:37,064 - MedKG-RAG - INFO -  Progress: 24/65 batches processed (HAS_SIDE_EFFECT edges)
2026-04-26 20:59:37,180 - MedKG-RAG - INFO -  Progress: 30/65 batches processed (HAS_SIDE_EFFECT edges)
2026-04-26 20:59:37,289 - MedKG-RAG - INFO -  Progress: 36/65 batches processed (HAS_SIDE_EFFECT edges)
2026-04-26 20:59:37,397 - MedKG-RAG - INFO -  Progress: 42/65 batches processed (HAS_SIDE_EFFECT edges)
2026-04-26 20:59:37,502 - MedKG-RAG - INFO -  Progress: 48/65 batches processed (HAS_SIDE_EFFECT edges)
2026-04-26 20:59:37,614 - MedKG-RAG - INFO -  Progress: 54/65 batches processed (HAS_SIDE_EFFECT edges)
2026-04-26 20:59:37,723 - MedKG-RAG - INFO -  Progress: 60/65 batches processed (HAS_SIDE_EFFECT edges)
2026-04-26 20:59:37,807 - MedKG-RAG - INFO -  Progress: 65/65 batches processed (HAS_SIDE_EFFECT edges)
2026-04-26 20:59:37,978 - MedKG-RAG - INFO - Importing 64,784 'HAS_SIDE_EFFECT' edges (EffectPhenotype)->(Drug)...
2026-04-26 20:59:38,117 - MedKG-RAG - INFO -  Progress: 6/65 batches processed (HAS_SIDE_EFFECT edges)
2026-04-26 20:59:38,216 - MedKG-RAG - INFO -  Progress: 12/65 batches processed (HAS_SIDE_EFFECT edges)
2026-04-26 20:59:38,316 - MedKG-RAG - INFO -  Progress: 18/65 batches processed (HAS_SIDE_EFFECT edges)
2026-04-26 20:59:38,417 - MedKG-RAG - INFO -  Progress: 24/65 batches processed (HAS_SIDE_EFFECT edges)
2026-04-26 20:59:38,527 - MedKG-RAG - INFO -  Progress: 30/65 batches processed (HAS_SIDE_EFFECT edges)
2026-04-26 20:59:38,663 - MedKG-RAG - INFO -  Progress: 36/65 batches processed (HAS_SIDE_EFFECT edges)
2026-04-26 20:59:38,785 - MedKG-RAG - INFO -  Progress: 42/65 batches processed (HAS_SIDE_EFFECT edges)
2026-04-26 20:59:38,889 - MedKG-RAG - INFO -  Progress: 48/65 batches processed (HAS_SIDE_EFFECT edges)
2026-04-26 20:59:39,014 - MedKG-RAG - INFO -  Progress: 54/65 batches processed (HAS_SIDE_EFFECT edges)
2026-04-26 20:59:39,120 - MedKG-RAG - INFO -  Progress: 60/65 batches processed (HAS_SIDE_EFFECT edges)
2026-04-26 20:59:39,199 - MedKG-RAG - INFO -  Progress: 65/65 batches processed (HAS_SIDE_EFFECT edges)
2026-04-26 20:59:39,216 - MedKG-RAG - INFO - Importing 5,317 'METABOLIZED_BY' edges (Drug)->(GeneProtein)...
2026-04-26 20:59:39,234 - MedKG-RAG - INFO -  Progress: 1/6 batches processed (METABOLIZED_BY edges)
2026-04-26 20:59:39,250 - MedKG-RAG - INFO -  Progress: 2/6 batches processed (METABOLIZED_BY edges)
2026-04-26 20:59:39,270 - MedKG-RAG - INFO -  Progress: 3/6 batches processed (METABOLIZED_BY edges)
2026-04-26 20:59:39,288 - MedKG-RAG - INFO -  Progress: 4/6 batches processed (METABOLIZED_BY edges)
2026-04-26 20:59:39,304 - MedKG-RAG - INFO -  Progress: 5/6 batches processed (METABOLIZED_BY edges)
2026-04-26 20:59:39,319 - MedKG-RAG - INFO -  Progress: 6/6 batches processed (METABOLIZED_BY edges)
2026-04-26 20:59:39,337 - MedKG-RAG - INFO - Importing 5,317 'METABOLIZED_BY' edges (GeneProtein)->(Drug)...
2026-04-26 20:59:39,357 - MedKG-RAG - INFO -  Progress: 1/6 batches processed (METABOLIZED_BY edges)
2026-04-26 20:59:39,379 - MedKG-RAG - INFO -  Progress: 2/6 batches processed (METABOLIZED_BY edges)
2026-04-26 20:59:39,396 - MedKG-RAG - INFO -  Progress: 3/6 batches processed (METABOLIZED_BY edges)
2026-04-26 20:59:39,412 - MedKG-RAG - INFO -  Progress: 4/6 batches processed (METABOLIZED_BY edges)
2026-04-26 20:59:39,431 - MedKG-RAG - INFO -  Progress: 5/6 batches processed (METABOLIZED_BY edges)
2026-04-26 20:59:39,438 - MedKG-RAG - INFO -  Progress: 6/6 batches processed (METABOLIZED_BY edges)
2026-04-26 20:59:39,446 - MedKG-RAG - INFO - Importing 2,568 'OFF_LABEL_USE' edges (Disease)->(Drug)...
2026-04-26 20:59:39,463 - MedKG-RAG - INFO -  Progress: 1/3 batches processed (OFF_LABEL_USE edges)
2026-04-26 20:59:39,479 - MedKG-RAG - INFO -  Progress: 2/3 batches processed (OFF_LABEL_USE edges)
2026-04-26 20:59:39,490 - MedKG-RAG - INFO -  Progress: 3/3 batches processed (OFF_LABEL_USE edges)
2026-04-26 20:59:39,498 - MedKG-RAG - INFO - Importing 2,568 'OFF_LABEL_USE' edges (Drug)->(Disease)...
2026-04-26 20:59:39,515 - MedKG-RAG - INFO -  Progress: 1/3 batches processed (OFF_LABEL_USE edges)
2026-04-26 20:59:39,534 - MedKG-RAG - INFO -  Progress: 2/3 batches processed (OFF_LABEL_USE edges)
2026-04-26 20:59:39,545 - MedKG-RAG - INFO -  Progress: 3/3 batches processed (OFF_LABEL_USE edges)
2026-04-26 20:59:39,550 - MedKG-RAG - INFO - Importing 1,193 'PHENOTYPE_ABSENT' edges (Disease)->(EffectPhenotype)...
2026-04-26 20:59:39,570 - MedKG-RAG - INFO -  Progress: 1/2 batches processed (PHENOTYPE_ABSENT edges)
2026-04-26 20:59:39,576 - MedKG-RAG - INFO -  Progress: 2/2 batches processed (PHENOTYPE_ABSENT edges)
2026-04-26 20:59:39,581 - MedKG-RAG - INFO - Importing 1,193 'PHENOTYPE_ABSENT' edges (EffectPhenotype)->(Disease)...
2026-04-26 20:59:39,599 - MedKG-RAG - INFO -  Progress: 1/2 batches processed (PHENOTYPE_ABSENT edges)
2026-04-26 20:59:39,605 - MedKG-RAG - INFO -  Progress: 2/2 batches processed (PHENOTYPE_ABSENT edges)
2026-04-26 20:59:40,013 - MedKG-RAG - INFO - Importing 150,317 'PRESENTS' edges (Disease)->(EffectPhenotype)...
2026-04-26 20:59:40,285 - MedKG-RAG - INFO -  Progress: 15/151 batches processed (PRESENTS edges)
2026-04-26 20:59:40,549 - MedKG-RAG - INFO -  Progress: 30/151 batches processed (PRESENTS edges)
2026-04-26 20:59:40,796 - MedKG-RAG - INFO -  Progress: 45/151 batches processed (PRESENTS edges)
2026-04-26 20:59:41,043 - MedKG-RAG - INFO -  Progress: 60/151 batches processed (PRESENTS edges)
2026-04-26 20:59:41,290 - MedKG-RAG - INFO -  Progress: 75/151 batches processed (PRESENTS edges)
2026-04-26 20:59:41,560 - MedKG-RAG - INFO -  Progress: 90/151 batches processed (PRESENTS edges)
2026-04-26 20:59:41,804 - MedKG-RAG - INFO -  Progress: 105/151 batches processed (PRESENTS edges)
2026-04-26 20:59:42,044 - MedKG-RAG - INFO -  Progress: 120/151 batches processed (PRESENTS edges)
2026-04-26 20:59:42,307 - MedKG-RAG - INFO -  Progress: 135/151 batches processed (PRESENTS edges)
2026-04-26 20:59:42,553 - MedKG-RAG - INFO -  Progress: 150/151 batches processed (PRESENTS edges)
2026-04-26 20:59:42,561 - MedKG-RAG - INFO -  Progress: 151/151 batches processed (PRESENTS edges)
2026-04-26 20:59:42,962 - MedKG-RAG - INFO - Importing 150,312 'PRESENTS' edges (EffectPhenotype)->(Disease)...
2026-04-26 20:59:43,225 - MedKG-RAG - INFO -  Progress: 15/151 batches processed (PRESENTS edges)
2026-04-26 20:59:43,480 - MedKG-RAG - INFO -  Progress: 30/151 batches processed (PRESENTS edges)
2026-04-26 20:59:43,745 - MedKG-RAG - INFO -  Progress: 45/151 batches processed (PRESENTS edges)
2026-04-26 20:59:43,994 - MedKG-RAG - INFO -  Progress: 60/151 batches processed (PRESENTS edges)
2026-04-26 20:59:44,260 - MedKG-RAG - INFO -  Progress: 75/151 batches processed (PRESENTS edges)
2026-04-26 20:59:44,522 - MedKG-RAG - INFO -  Progress: 90/151 batches processed (PRESENTS edges)
2026-04-26 20:59:44,777 - MedKG-RAG - INFO -  Progress: 105/151 batches processed (PRESENTS edges)
2026-04-26 20:59:45,027 - MedKG-RAG - INFO -  Progress: 120/151 batches processed (PRESENTS edges)
2026-04-26 20:59:45,272 - MedKG-RAG - INFO -  Progress: 135/151 batches processed (PRESENTS edges)
2026-04-26 20:59:45,543 - MedKG-RAG - INFO -  Progress: 150/151 batches processed (PRESENTS edges)
2026-04-26 20:59:45,550 - MedKG-RAG - INFO -  Progress: 151/151 batches processed (PRESENTS edges)
2026-04-26 20:59:45,730 - MedKG-RAG - INFO - Importing 64,361 'SUBTYPE_OF' edges (Disease)->(Disease)...
2026-04-26 20:59:45,826 - MedKG-RAG - INFO -  Progress: 6/65 batches processed (SUBTYPE_OF edges)
2026-04-26 20:59:45,936 - MedKG-RAG - INFO -  Progress: 12/65 batches processed (SUBTYPE_OF edges)
2026-04-26 20:59:46,033 - MedKG-RAG - INFO -  Progress: 18/65 batches processed (SUBTYPE_OF edges)
2026-04-26 20:59:46,136 - MedKG-RAG - INFO -  Progress: 24/65 batches processed (SUBTYPE_OF edges)
2026-04-26 20:59:46,237 - MedKG-RAG - INFO -  Progress: 30/65 batches processed (SUBTYPE_OF edges)
2026-04-26 20:59:46,336 - MedKG-RAG - INFO -  Progress: 36/65 batches processed (SUBTYPE_OF edges)
2026-04-26 20:59:46,463 - MedKG-RAG - INFO -  Progress: 42/65 batches processed (SUBTYPE_OF edges)
2026-04-26 20:59:46,577 - MedKG-RAG - INFO -  Progress: 48/65 batches processed (SUBTYPE_OF edges)
2026-04-26 20:59:46,693 - MedKG-RAG - INFO -  Progress: 54/65 batches processed (SUBTYPE_OF edges)
2026-04-26 20:59:46,804 - MedKG-RAG - INFO -  Progress: 60/65 batches processed (SUBTYPE_OF edges)
2026-04-26 20:59:46,881 - MedKG-RAG - INFO -  Progress: 65/65 batches processed (SUBTYPE_OF edges)
2026-04-26 20:59:46,987 - MedKG-RAG - INFO - Importing 37,465 'SUBTYPE_OF' edges (EffectPhenotype)->(EffectPhenotype)...
2026-04-26 20:59:47,057 - MedKG-RAG - INFO -  Progress: 3/38 batches processed (SUBTYPE_OF edges)
2026-04-26 20:59:47,107 - MedKG-RAG - INFO -  Progress: 6/38 batches processed (SUBTYPE_OF edges)
2026-04-26 20:59:47,157 - MedKG-RAG - INFO -  Progress: 9/38 batches processed (SUBTYPE_OF edges)
2026-04-26 20:59:47,225 - MedKG-RAG - INFO -  Progress: 12/38 batches processed (SUBTYPE_OF edges)
2026-04-26 20:59:47,276 - MedKG-RAG - INFO -  Progress: 15/38 batches processed (SUBTYPE_OF edges)
2026-04-26 20:59:47,324 - MedKG-RAG - INFO -  Progress: 18/38 batches processed (SUBTYPE_OF edges)
2026-04-26 20:59:47,372 - MedKG-RAG - INFO -  Progress: 21/38 batches processed (SUBTYPE_OF edges)
2026-04-26 20:59:47,421 - MedKG-RAG - INFO -  Progress: 24/38 batches processed (SUBTYPE_OF edges)
2026-04-26 20:59:47,469 - MedKG-RAG - INFO -  Progress: 27/38 batches processed (SUBTYPE_OF edges)
2026-04-26 20:59:47,518 - MedKG-RAG - INFO -  Progress: 30/38 batches processed (SUBTYPE_OF edges)
2026-04-26 20:59:47,572 - MedKG-RAG - INFO -  Progress: 33/38 batches processed (SUBTYPE_OF edges)
2026-04-26 20:59:47,624 - MedKG-RAG - INFO -  Progress: 36/38 batches processed (SUBTYPE_OF edges)
2026-04-26 20:59:47,651 - MedKG-RAG - INFO -  Progress: 38/38 batches processed (SUBTYPE_OF edges)
2026-04-26 20:59:47,695 - MedKG-RAG - INFO - Importing 16,380 'TARGETS' edges (Drug)->(GeneProtein)...
2026-04-26 20:59:47,716 - MedKG-RAG - INFO -  Progress: 1/17 batches processed (TARGETS edges)
2026-04-26 20:59:47,732 - MedKG-RAG - INFO -  Progress: 2/17 batches processed (TARGETS edges)
2026-04-26 20:59:47,750 - MedKG-RAG - INFO -  Progress: 3/17 batches processed (TARGETS edges)
2026-04-26 20:59:47,768 - MedKG-RAG - INFO -  Progress: 4/17 batches processed (TARGETS edges)
2026-04-26 20:59:47,785 - MedKG-RAG - INFO -  Progress: 5/17 batches processed (TARGETS edges)
2026-04-26 20:59:47,803 - MedKG-RAG - INFO -  Progress: 6/17 batches processed (TARGETS edges)
2026-04-26 20:59:47,821 - MedKG-RAG - INFO -  Progress: 7/17 batches processed (TARGETS edges)
2026-04-26 20:59:47,839 - MedKG-RAG - INFO -  Progress: 8/17 batches processed (TARGETS edges)
2026-04-26 20:59:47,855 - MedKG-RAG - INFO -  Progress: 9/17 batches processed (TARGETS edges)
2026-04-26 20:59:47,872 - MedKG-RAG - INFO -  Progress: 10/17 batches processed (TARGETS edges)
2026-04-26 20:59:47,891 - MedKG-RAG - INFO -  Progress: 11/17 batches processed (TARGETS edges)
2026-04-26 20:59:47,907 - MedKG-RAG - INFO -  Progress: 12/17 batches processed (TARGETS edges)
2026-04-26 20:59:47,925 - MedKG-RAG - INFO -  Progress: 13/17 batches processed (TARGETS edges)
2026-04-26 20:59:47,946 - MedKG-RAG - INFO -  Progress: 14/17 batches processed (TARGETS edges)
2026-04-26 20:59:47,965 - MedKG-RAG - INFO -  Progress: 15/17 batches processed (TARGETS edges)
2026-04-26 20:59:47,983 - MedKG-RAG - INFO -  Progress: 16/17 batches processed (TARGETS edges)
2026-04-26 20:59:47,991 - MedKG-RAG - INFO -  Progress: 17/17 batches processed (TARGETS edges)
2026-04-26 20:59:48,039 - MedKG-RAG - INFO - Importing 16,380 'TARGETS' edges (GeneProtein)->(Drug)...
2026-04-26 20:59:48,058 - MedKG-RAG - INFO -  Progress: 1/17 batches processed (TARGETS edges)
2026-04-26 20:59:48,075 - MedKG-RAG - INFO -  Progress: 2/17 batches processed (TARGETS edges)
2026-04-26 20:59:48,092 - MedKG-RAG - INFO -  Progress: 3/17 batches processed (TARGETS edges)
2026-04-26 20:59:48,110 - MedKG-RAG - INFO -  Progress: 4/17 batches processed (TARGETS edges)
2026-04-26 20:59:48,127 - MedKG-RAG - INFO -  Progress: 5/17 batches processed (TARGETS edges)
2026-04-26 20:59:48,145 - MedKG-RAG - INFO -  Progress: 6/17 batches processed (TARGETS edges)
2026-04-26 20:59:48,162 - MedKG-RAG - INFO -  Progress: 7/17 batches processed (TARGETS edges)
2026-04-26 20:59:48,182 - MedKG-RAG - INFO -  Progress: 8/17 batches processed (TARGETS edges)
2026-04-26 20:59:48,199 - MedKG-RAG - INFO -  Progress: 9/17 batches processed (TARGETS edges)
2026-04-26 20:59:48,216 - MedKG-RAG - INFO -  Progress: 10/17 batches processed (TARGETS edges)
2026-04-26 20:59:48,233 - MedKG-RAG - INFO -  Progress: 11/17 batches processed (TARGETS edges)
2026-04-26 20:59:48,250 - MedKG-RAG - INFO -  Progress: 12/17 batches processed (TARGETS edges)
2026-04-26 20:59:48,268 - MedKG-RAG - INFO -  Progress: 13/17 batches processed (TARGETS edges)
2026-04-26 20:59:48,286 - MedKG-RAG - INFO -  Progress: 14/17 batches processed (TARGETS edges)
2026-04-26 20:59:48,303 - MedKG-RAG - INFO -  Progress: 15/17 batches processed (TARGETS edges)
2026-04-26 20:59:48,320 - MedKG-RAG - INFO -  Progress: 16/17 batches processed (TARGETS edges)
2026-04-26 20:59:48,329 - MedKG-RAG - INFO -  Progress: 17/17 batches processed (TARGETS edges)
2026-04-26 20:59:48,339 - MedKG-RAG - INFO - Importing 3,092 'TRANSPORTED_BY' edges (Drug)->(GeneProtein)...
2026-04-26 20:59:48,357 - MedKG-RAG - INFO -  Progress: 1/4 batches processed (TRANSPORTED_BY edges)
2026-04-26 20:59:48,374 - MedKG-RAG - INFO -  Progress: 2/4 batches processed (TRANSPORTED_BY edges)
2026-04-26 20:59:48,391 - MedKG-RAG - INFO -  Progress: 3/4 batches processed (TRANSPORTED_BY edges)
2026-04-26 20:59:48,395 - MedKG-RAG - INFO -  Progress: 4/4 batches processed (TRANSPORTED_BY edges)
2026-04-26 20:59:48,404 - MedKG-RAG - INFO - Importing 3,092 'TRANSPORTED_BY' edges (GeneProtein)->(Drug)...
2026-04-26 20:59:48,422 - MedKG-RAG - INFO -  Progress: 1/4 batches processed (TRANSPORTED_BY edges)
2026-04-26 20:59:48,441 - MedKG-RAG - INFO -  Progress: 2/4 batches processed (TRANSPORTED_BY edges)
2026-04-26 20:59:48,459 - MedKG-RAG - INFO -  Progress: 3/4 batches processed (TRANSPORTED_BY edges)
2026-04-26 20:59:48,463 - MedKG-RAG - INFO -  Progress: 4/4 batches processed (TRANSPORTED_BY edges)
2026-04-26 20:59:48,490 - MedKG-RAG - INFO - Importing 9,388 'TREATS' edges (Disease)->(Drug)...
2026-04-26 20:59:48,512 - MedKG-RAG - INFO -  Progress: 1/10 batches processed (TREATS edges)
2026-04-26 20:59:48,533 - MedKG-RAG - INFO -  Progress: 2/10 batches processed (TREATS edges)
2026-04-26 20:59:48,551 - MedKG-RAG - INFO -  Progress: 3/10 batches processed (TREATS edges)
2026-04-26 20:59:48,569 - MedKG-RAG - INFO -  Progress: 4/10 batches processed (TREATS edges)
2026-04-26 20:59:48,587 - MedKG-RAG - INFO -  Progress: 5/10 batches processed (TREATS edges)
2026-04-26 20:59:48,606 - MedKG-RAG - INFO -  Progress: 6/10 batches processed (TREATS edges)
2026-04-26 20:59:48,624 - MedKG-RAG - INFO -  Progress: 7/10 batches processed (TREATS edges)
2026-04-26 20:59:48,641 - MedKG-RAG - INFO -  Progress: 8/10 batches processed (TREATS edges)
2026-04-26 20:59:48,659 - MedKG-RAG - INFO -  Progress: 9/10 batches processed (TREATS edges)
2026-04-26 20:59:48,668 - MedKG-RAG - INFO -  Progress: 10/10 batches processed (TREATS edges)
2026-04-26 20:59:48,694 - MedKG-RAG - INFO - Importing 9,388 'TREATS' edges (Drug)->(Disease)...
2026-04-26 20:59:48,712 - MedKG-RAG - INFO -  Progress: 1/10 batches processed (TREATS edges)
2026-04-26 20:59:48,731 - MedKG-RAG - INFO -  Progress: 2/10 batches processed (TREATS edges)
2026-04-26 20:59:48,752 - MedKG-RAG - INFO -  Progress: 3/10 batches processed (TREATS edges)
2026-04-26 20:59:48,770 - MedKG-RAG - INFO -  Progress: 4/10 batches processed (TREATS edges)
2026-04-26 20:59:48,787 - MedKG-RAG - INFO -  Progress: 5/10 batches processed (TREATS edges)
2026-04-26 20:59:48,805 - MedKG-RAG - INFO -  Progress: 6/10 batches processed (TREATS edges)
2026-04-26 20:59:48,823 - MedKG-RAG - INFO -  Progress: 7/10 batches processed (TREATS edges)
2026-04-26 20:59:48,840 - MedKG-RAG - INFO -  Progress: 8/10 batches processed (TREATS edges)
2026-04-26 20:59:48,859 - MedKG-RAG - INFO -  Progress: 9/10 batches processed (TREATS edges)
2026-04-26 20:59:48,867 - MedKG-RAG - INFO -  Progress: 10/10 batches processed (TREATS edges)
2026-04-26 20:59:48,869 - MedKG-RAG - INFO - ---Step 4: Generating and storing embeddings---
2026-04-26 20:59:48,869 - MedKG-RAG - INFO - Initializing MedCPT model ncbi/MedCPT-Article-Encoder on cpu
2026-04-26 20:59:51,579 - MedKG-RAG - INFO - Encoding 37,345 nodes with MedCPT-Article-Encoder...
2026-04-26 21:17:04,190 - MedKG-RAG - INFO - Writing embedding to Neo4j nodes using :KGNode label...
2026-04-26 21:17:52,218 - MedKG-RAG - INFO -  Progress: 7/75 batches processed (embeddings)
2026-04-26 21:18:46,506 - MedKG-RAG - INFO -  Progress: 14/75 batches processed (embeddings)
2026-04-26 21:19:33,973 - MedKG-RAG - INFO -  Progress: 21/75 batches processed (embeddings)
2026-04-26 21:20:16,848 - MedKG-RAG - INFO -  Progress: 28/75 batches processed (embeddings)
2026-04-26 21:21:51,852 - MedKG-RAG - INFO -  Progress: 35/75 batches processed (embeddings)
2026-04-26 21:22:54,726 - MedKG-RAG - INFO -  Progress: 42/75 batches processed (embeddings)
2026-04-26 21:23:44,581 - MedKG-RAG - INFO -  Progress: 49/75 batches processed (embeddings)
2026-04-26 21:24:58,342 - MedKG-RAG - INFO -  Progress: 56/75 batches processed (embeddings)
2026-04-26 21:26:10,465 - MedKG-RAG - INFO -  Progress: 63/75 batches processed (embeddings)
2026-04-26 21:26:55,057 - MedKG-RAG - INFO -  Progress: 70/75 batches processed (embeddings)
2026-04-26 21:27:51,257 - MedKG-RAG - INFO -  Progress: 75/75 batches processed (embeddings)
2026-04-26 21:27:51,257 - MedKG-RAG - INFO - Embeddings successfully stored
2026-04-26 21:27:53,990 - MedKG-RAG - INFO - ---Step 5: Creating vector index---
2026-04-26 21:27:54,657 - MedKG-RAG - INFO - Create vector index 'medcpt_node_embeddings' successfully!
2026-04-26 21:27:54,697 - MedKG-RAG - INFO - Pipeline completed!
